Component: ARM Compiler 5.06 update 5 (build 528) Tool: armlink [4d35e2]

==============================================================================

Section Cross References

    startup_stm32f103xe.o(STACK) refers (Special) to heapauxi.o(.text) for __use_two_region_memory
    startup_stm32f103xe.o(HEAP) refers (Special) to heapauxi.o(.text) for __use_two_region_memory
    startup_stm32f103xe.o(RESET) refers (Special) to heapauxi.o(.text) for __use_two_region_memory
    startup_stm32f103xe.o(RESET) refers to startup_stm32f103xe.o(STACK) for __initial_sp
    startup_stm32f103xe.o(RESET) refers to startup_stm32f103xe.o(.text) for Reset_Handler
    startup_stm32f103xe.o(RESET) refers to stm32f1xx_it.o(i.NMI_Handler) for NMI_Handler
    startup_stm32f103xe.o(RESET) refers to stm32f1xx_it.o(i.HardFault_Handler) for HardFault_Handler
    startup_stm32f103xe.o(RESET) refers to stm32f1xx_it.o(i.MemManage_Handler) for MemManage_Handler
    startup_stm32f103xe.o(RESET) refers to stm32f1xx_it.o(i.BusFault_Handler) for BusFault_Handler
    startup_stm32f103xe.o(RESET) refers to stm32f1xx_it.o(i.UsageFault_Handler) for UsageFault_Handler
    startup_stm32f103xe.o(RESET) refers to stm32f1xx_it.o(i.SVC_Handler) for SVC_Handler
    startup_stm32f103xe.o(RESET) refers to stm32f1xx_it.o(i.DebugMon_Handler) for DebugMon_Handler
    startup_stm32f103xe.o(RESET) refers to stm32f1xx_it.o(i.PendSV_Handler) for PendSV_Handler
    startup_stm32f103xe.o(RESET) refers to stm32f1xx_it.o(i.SysTick_Handler) for SysTick_Handler
    startup_stm32f103xe.o(RESET) refers to usart.o(i.USART1_IRQHandler) for USART1_IRQHandler
    startup_stm32f103xe.o(RESET) refers to usart.o(i.USART3_IRQHandler) for USART3_IRQHandler
    startup_stm32f103xe.o(RESET) refers to btim.o(i.TIM6_IRQHandler) for TIM6_IRQHandler
    startup_stm32f103xe.o(.text) refers (Special) to heapauxi.o(.text) for __use_two_region_memory
    startup_stm32f103xe.o(.text) refers to system_stm32f1xx.o(i.SystemInit) for SystemInit
    startup_stm32f103xe.o(.text) refers to __main.o(!!!main) for __main
    startup_stm32f103xe.o(.text) refers to startup_stm32f103xe.o(HEAP) for Heap_Mem
    startup_stm32f103xe.o(.text) refers to startup_stm32f103xe.o(STACK) for Stack_Mem
    main.o(i.main) refers to stm32f1xx_hal.o(i.HAL_Init) for HAL_Init
    main.o(i.main) refers to sys.o(i.sys_stm32_clock_init) for sys_stm32_clock_init
    main.o(i.main) refers to delay.o(i.delay_init) for delay_init
    main.o(i.main) refers to usart.o(i.usart_init) for usart_init
    main.o(i.main) refers to key.o(i.KEY_Init) for KEY_Init
    main.o(i.main) refers to led.o(i.LED_Init) for LED_Init
    main.o(i.main) refers to onenet.o(i.TIM_Tool_Init) for TIM_Tool_Init
    main.o(i.main) refers to dht11.o(i.dht11_init) for dht11_init
    main.o(i.main) refers to noretval__2printf.o(.text) for __2printf
    main.o(i.main) refers to wdg.o(i.iwdg_init) for iwdg_init
    main.o(i.main) refers to esp8266.o(i.ESP8266_Init) for ESP8266_Init
    main.o(i.main) refers to wdg.o(i.iwdg_feed) for iwdg_feed
    main.o(i.main) refers to onenet.o(i.OneNet_Unify) for OneNet_Unify
    main.o(i.main) refers to delay.o(i.delay_ms) for delay_ms
    main.o(i.main) refers to onenet.o(i.OneNet_DevLink) for OneNet_DevLink
    main.o(i.main) refers to onenet.o(i.MQTT_Common_Subscribe) for MQTT_Common_Subscribe
    main.o(i.main) refers to dht11.o(i.dht11_read_data) for dht11_read_data
    main.o(i.main) refers to dht11.o(i.dht11_check) for dht11_check
    main.o(i.main) refers to onenet.o(i.MQTT_Attribute_Reporting) for MQTT_Attribute_Reporting
    main.o(i.main) refers to key.o(i.KEY_Scan) for KEY_Scan
    main.o(i.main) refers to led.o(i.LED_Overturn) for LED_Overturn
    main.o(i.main) refers to esp8266.o(i.ESP8266_GetIPD) for ESP8266_GetIPD
    main.o(i.main) refers to onenet.o(i.OneNet_RevPro) for OneNet_RevPro
    main.o(i.main) refers to btim.o(.data) for humi
    main.o(i.main) refers to led.o(.data) for LED
    stm32f1xx_it.o(i.SysTick_Handler) refers to stm32f1xx_hal.o(i.HAL_IncTick) for HAL_IncTick
    system_stm32f1xx.o(i.SystemCoreClockUpdate) refers to system_stm32f1xx.o(.data) for SystemCoreClock
    system_stm32f1xx.o(i.SystemCoreClockUpdate) refers to system_stm32f1xx.o(.constdata) for AHBPrescTable
    sys.o(i.sys_stm32_clock_init) refers to rt_memclr_w.o(.text) for __aeabi_memclr4
    sys.o(i.sys_stm32_clock_init) refers to stm32f1xx_hal_rcc.o(i.HAL_RCC_OscConfig) for HAL_RCC_OscConfig
    sys.o(i.sys_stm32_clock_init) refers to stm32f1xx_hal_rcc.o(i.HAL_RCC_ClockConfig) for HAL_RCC_ClockConfig
    delay.o(i.HAL_Delay) refers to delay.o(i.delay_ms) for delay_ms
    delay.o(i.delay_init) refers to delay.o(.data) for g_fac_us
    delay.o(i.delay_ms) refers to delay.o(i.delay_us) for delay_us
    delay.o(i.delay_us) refers to delay.o(.data) for g_fac_us
    usart.o(.rev16_text) refers (Special) to use_no_semi_2.o(.text) for __use_no_semihosting
[...]
    __rt_lib_init_cpp_1                      0x080001f9   Thumb Code     0  libinit2.o(.ARM.Collect$$libinit$$00000032)
    __rt_lib_init_exceptions_1               0x080001f9   Thumb Code     0  libinit2.o(.ARM.Collect$$libinit$$00000030)
    __rt_lib_init_fp_trap_1                  0x080001f9   Thumb Code     0  libinit2.o(.ARM.Collect$$libinit$$0000001F)
    __rt_lib_init_getenv_1                   0x080001f9   Thumb Code     0  libinit2.o(.ARM.Collect$$libinit$$00000023)
    __rt_lib_init_lc_numeric_1               0x080001f9   Thumb Code     0  libinit2.o(.ARM.Collect$$libinit$$00000017)
    __rt_lib_init_lc_time_1                  0x080001f9   Thumb Code     0  libinit2.o(.ARM.Collect$$libinit$$00000019)
    __rt_lib_init_return                     0x080001f9   Thumb Code     0  libinit2.o(.ARM.Collect$$libinit$$00000033)
    __rt_lib_init_signal_1                   0x080001f9   Thumb Code     0  libinit2.o(.ARM.Collect$$libinit$$0000001D)
    __rt_lib_init_stdio_1                    0x080001f9   Thumb Code     0  libinit2.o(.ARM.Collect$$libinit$$00000025)
    __rt_lib_shutdown                        0x080001fb   Thumb Code     0  libshutdown.o(.ARM.Collect$$libshutdown$$00000000)
    __rt_lib_shutdown_cpp_1                  0x080001fd   Thumb Code     0  libshutdown2.o(.ARM.Collect$$libshutdown$$00000002)
    __rt_lib_shutdown_fp_trap_1              0x080001fd   Thumb Code     0  libshutdown2.o(.ARM.Collect$$libshutdown$$00000007)
    __rt_lib_shutdown_heap_1                 0x080001fd   Thumb Code     0  libshutdown2.o(.ARM.Collect$$libshutdown$$0000000F)
    __rt_lib_shutdown_return                 0x080001fd   Thumb Code     0  libshutdown2.o(.ARM.Collect$$libshutdown$$00000010)
    __rt_lib_shutdown_signal_1               0x080001fd   Thumb Code     0  libshutdown2.o(.ARM.Collect$$libshutdown$$0000000A)
    __rt_lib_shutdown_stdio_1                0x080001fd   Thumb Code     0  libshutdown2.o(.ARM.Collect$$libshutdown$$00000004)
    __rt_lib_shutdown_user_alloc_1           0x080001fd   Thumb Code     0  libshutdown2.o(.ARM.Collect$$libshutdown$$0000000C)
    __rt_entry                               0x080001ff   Thumb Code     0  __rtentry.o(.ARM.Collect$$rtentry$$00000000)
    __rt_entry_presh_1                       0x080001ff   Thumb Code     0  __rtentry2.o(.ARM.Collect$$rtentry$$00000002)
    __rt_entry_sh                            0x080001ff   Thumb Code     0  __rtentry4.o(.ARM.Collect$$rtentry$$00000004)
    __rt_entry_li                            0x08000205   Thumb Code     0  __rtentry2.o(.ARM.Collect$$rtentry$$0000000A)
    __rt_entry_postsh_1                      0x08000205   Thumb Code     0  __rtentry2.o(.ARM.Collect$$rtentry$$00000009)
    __rt_entry_main                          0x08000209   Thumb Code     0  __rtentry2.o(.ARM.Collect$$rtentry$$0000000D)
    __rt_entry_postli_1                      0x08000209   Thumb Code     0  __rtentry2.o(.ARM.Collect$$rtentry$$0000000C)
    __rt_exit                                0x08000211   Thumb Code     0  rtexit.o(.ARM.Collect$$rtexit$$00000000)
    __rt_exit_ls                             0x08000213   Thumb Code     0  rtexit2.o(.ARM.Collect$$rtexit$$00000003)
    __rt_exit_prels_1                        0x08000213   Thumb Code     0  rtexit2.o(.ARM.Collect$$rtexit$$00000002)
    __rt_exit_exit                           0x08000217   Thumb Code     0  rtexit2.o(.ARM.Collect$$rtexit$$00000004)
    Reset_Handler                            0x0800021d   Thumb Code     8  startup_stm32f103xe.o(.text)
    _maybe_terminate_alloc                   0x0800021d   Thumb Code     0  maybetermalloc1.o(.emb_text)
    ADC1_2_IRQHandler                        0x08000237   Thumb Code     0  startup_stm32f103xe.o(.text)
    ADC3_IRQHandler                          0x08000237   Thumb Code     0  startup_stm32f103xe.o(.text)
    CAN1_RX1_IRQHandler                      0x08000237   Thumb Code     0  startup_stm32f103xe.o(.text)
    CAN1_SCE_IRQHandler                      0x08000237   Thumb Code     0  startup_stm32f103xe.o(.text)
    DMA1_Channel1_IRQHandler                 0x08000237   Thumb Code     0  startup_stm32f103xe.o(.text)
    DMA1_Channel2_IRQHandler                 0x08000237   Thumb Code     0  startup_stm32f103xe.o(.text)
    DMA1_Channel3_IRQHandler                 0x08000237   Thumb Code     0  startup_stm32f103xe.o(.text)
    DMA1_Channel4_IRQHandler                 0x08000237   Thumb Code     0  startup_stm32f103xe.o(.text)
    DMA1_Channel5_IRQHandler                 0x08000237   Thumb Code     0  startup_stm32f103xe.o(.text)
    DMA1_Channel6_IRQHandler                 0x08000237   Thumb Code     0  startup_stm32f103xe.o(.text)
    DMA1_Channel7_IRQHandler                 0x08000237   Thumb Code     0  startup_stm32f103xe.o(.text)
    DMA2_Channel1_IRQHandler                 0x08000237   Thumb Code     0  startup_stm32f103xe.o(.text)
    DMA2_Channel2_IRQHandler                 0x08000237   Thumb Code     0  startup_stm32f103xe.o(.text)
    DMA2_Channel3_IRQHandler                 0x08000237   Thumb Code     0  startup_stm32f103xe.o(.text)
    DMA2_Channel4_5_IRQHandler               0x08000237   Thumb Code     0  startup_stm32f103xe.o(.text)
    EXTI0_IRQHandler                         0x08000237   Thumb Code     0  startup_stm32f103xe.o(.text)
    EXTI15_10_IRQHandler                     0x08000237   Thumb Code     0  startup_stm32f103xe.o(.text)
    EXTI1_IRQHandler                         0x08000237   Thumb Code     0  startup_stm32f103xe.o(.text)
    EXTI2_IRQHandler                         0x08000237   Thumb Code     0  startup_stm32f103xe.o(.text)
    EXTI3_IRQHandler                         0x08000237   Thumb Code     0  startup_stm32f103xe.o(.text)
    EXTI4_IRQHandler                         0x08000237   Thumb Code     0  startup_stm32f103xe.o(.text)
    EXTI9_5_IRQHandler                       0x08000237   Thumb Code     0  startup_stm32f103xe.o(.text)
    FLASH_IRQHandler                         0x08000237   Thumb Code     0  startup_stm32f103xe.o(.text)
    FSMC_IRQHandler                          0x08000237   Thumb Code     0  startup_stm32f103xe.o(.text)
    I2C1_ER_IRQHandler                       0x08000237   Thumb Code     0  startup_stm32f103xe.o(.text)
    I2C1_EV_IRQHandler                       0x08000237   Thumb Code     0  startup_stm32f103xe.o(.text)
    I2C2_ER_IRQHandler                       0x08000237   Thumb Code     0  startup_stm32f103xe.o(.text)
    I2C2_EV_IRQHandler                       0x08000237   Thumb Code     0  startup_stm32f103xe.o(.text)
    PVD_IRQHandler                           0x08000237   Thumb Code     0  startup_stm32f103xe.o(.text)
    RCC_IRQHandler                           0x08000237   Thumb Code     0  startup_stm32f103xe.o(.text)
    RTC_Alarm_IRQHandler                     0x08000237   Thumb Code     0  startup_stm32f103xe.o(.text)
    RTC_IRQHandler                           0x08000237   Thumb Code     0  startup_stm32f103xe.o(.text)
    SDIO_IRQHandler                          0x08000237   Thumb Code     0  startup_stm32f103xe.o(.text)
    SPI1_IRQHandler                          0x08000237   Thumb Code     0  startup_stm32f103xe.o(.text)
    SPI2_IRQHandler                          0x08000237   Thumb Code     0  startup_stm32f103xe.o(.text)
    SPI3_IRQHandler                          0x08000237   Thumb Code     0  startup_stm32f103xe.o(.text)
    TAMPER_IRQHandler                        0x08000237   Thumb Code     0  startup_stm32f103xe.o(.text)
    TIM1_BRK_IRQHandler                      0x08000237   Thumb Code     0  startup_stm32f103xe.o(.text)
    TIM1_CC_IRQHandler                       0x08000237   Thumb Code     0  startup_stm32f103xe.o(.text)
    TIM1_TRG_COM_IRQHandler                  0x08000237   Thumb Code     0  startup_stm32f103xe.o(.text)
    TIM1_UP_IRQHandler                       0x08000237   Thumb Code     0  startup_stm32f103xe.o(.text)
    TIM2_IRQHandler                          0x08000237   Thumb Code     0  startup_stm32f103xe.o(.text)
    TIM3_IRQHandler                          0x08000237   Thumb Code     0  startup_stm32f103xe.o(.text)
    TIM4_IRQHandler                          0x08000237   Thumb Code     0  startup_stm32f103xe.o(.text)
    TIM5_IRQHandler                          0x08000237   Thumb Code     0  startup_stm32f103xe.o(.text)
    TIM7_IRQHandler                          0x08000237   Thumb Code     0  startup_stm32f103xe.o(.text)
    TIM8_BRK_IRQHandler                      0x08000237   Thumb Code     0  startup_stm32f103xe.o(.text)
    TIM8_CC_IRQHandler                       0x08000237   Thumb Code     0  startup_stm32f103xe.o(.text)
    TIM8_TRG_COM_IRQHandler                  0x08000237   Thumb Code     0  startup_stm32f103xe.o(.text)
    TIM8_UP_IRQHandler                       0x08000237   Thumb Code     0  startup_stm32f103xe.o(.text)
    UART4_IRQHandler                         0x08000237   Thumb Code     0  startup_stm32f103xe.o(.text)
    UART5_IRQHandler                         0x08000237   Thumb Code     0  startup_stm32f103xe.o(.text)
    USART2_IRQHandler                        0x08000237   Thumb Code     0  startup_stm32f103xe.o(.text)
    USBWakeUp_IRQHandler                     0x08000237   Thumb Code     0  startup_stm32f103xe.o(.text)
    USB_HP_CAN1_TX_IRQHandler                0x08000237   Thumb Code     0  startup_stm32f103xe.o(.text)
    USB_LP_CAN1_RX0_IRQHandler               0x08000237   Thumb Code     0  startup_stm32f103xe.o(.text)
    WWDG_IRQHandler                          0x08000237   Thumb Code     0  startup_stm32f103xe.o(.text)
    __user_initial_stackheap                 0x08000239   Thumb Code     0  startup_stm32f103xe.o(.text)
    __use_no_semihosting                     0x0800025d   Thumb Code     2  use_no_semi_2.o(.text)
    malloc                                   0x0800025f   Thumb Code    94  h1_alloc.o(.text)
    free                                     0x080002bd   Thumb Code    78  h1_free.o(.text)
    tolower                                  0x0800030b   Thumb Code    26  tolower.o(.text)
    __2printf                                0x08000325   Thumb Code    20  noretval__2printf.o(.text)
    __2sprintf                               0x0800033d   Thumb Code    34  noretval__2sprintf.o(.text)
    __2snprintf                              0x08000365   Thumb Code    48  noretval__2snprintf.o(.text)
    _printf_pre_padding                      0x08000399   Thumb Code    44  _printf_pad.o(.text)
    _printf_post_padding                     0x080003c5   Thumb Code    34  _printf_pad.o(.text)
    _printf_str                              0x080003e7   Thumb Code    82  _printf_str.o(.text)
    _printf_int_dec                          0x08000439   Thumb Code   104  _printf_dec.o(.text)
    _printf_charcount                        0x080004b1   Thumb Code    40  _printf_charcount.o(.text)
    _printf_longlong_hex                     0x080004d9   Thumb Code    78  _printf_hex_int_ptr.o(.text)
    _printf_int_hex                          0x08000527   Thumb Code    26  _printf_hex_int_ptr.o(.text)
    _printf_hex_ptr                          0x08000541   Thumb Code    16  _printf_hex_int_ptr.o(.text)
    __printf                                 0x08000555   Thumb Code   388  __printf_flags_ss_wp.o(.text)
    strchr                                   0x080006dd   Thumb Code    20  strchr.o(.text)
    strncat                                  0x080006f1   Thumb Code    36  strncat.o(.text)
    strstr                                   0x08000715   Thumb Code    36  strstr.o(.text)
    strcpy                                   0x08000739   Thumb Code    72  strcpy.o(.text)
    strlen                                   0x08000781   Thumb Code    62  strlen.o(.text)
    strncmp                                  0x080007bf   Thumb Code   150  strncmp.o(.text)
    strcat                                   0x08000855   Thumb Code    24  strcat.o(.text)
    __aeabi_memcpy                           0x0800086d   Thumb Code     0  rt_memcpy_v6.o(.text)
    __rt_memcpy                              0x0800086d   Thumb Code   138  rt_memcpy_v6.o(.text)
    _memcpy_lastbytes                        0x080008d3   Thumb Code     0  rt_memcpy_v6.o(.text)
    __aeabi_memcpy4                          0x080008f7   Thumb Code     0  rt_memcpy_w.o(.text)
    __aeabi_memcpy8                          0x080008f7   Thumb Code     0  rt_memcpy_w.o(.text)
    __rt_memcpy_w                            0x080008f7   Thumb Code   100  rt_memcpy_w.o(.text)
    _memcpy_lastbytes_aligned                0x0800093f   Thumb Code     0  rt_memcpy_w.o(.text)
    __aeabi_memclr                           0x0800095b   Thumb Code     0  rt_memclr.o(.text)
    __rt_memclr                              0x0800095b   Thumb Code    68  rt_memclr.o(.text)
    _memset                                  0x0800095f   Thumb Code     0  rt_memclr.o(.text)
    __aeabi_memclr4                          0x0800099f   Thumb Code     0  rt_memclr_w.o(.text)
    __aeabi_memclr8                          0x0800099f   Thumb Code     0  rt_memclr_w.o(.text)
    __rt_memclr_w                            0x0800099f   Thumb Code    78  rt_memclr_w.o(.text)
    _memset_w                                0x080009a3   Thumb Code     0  rt_memclr_w.o(.text)
    strcmp                                   0x080009ed   Thumb Code   128  strcmpv7m.o(.text)
    __use_two_region_memory                  0x08000a6d   Thumb Code     2  heapauxi.o(.text)
    __rt_heap_escrow                         0x08000a6f   Thumb Code     2  heapauxi.o(.text)
    __rt_heap_expand                         0x08000a71   Thumb Code     2  heapauxi.o(.text)
    __semihosting$guard                      0x08000a73   Thumb Code     0  use_no_semi.o(.text)
    __use_no_semihosting_swi                 0x08000a73   Thumb Code     2  use_no_semi.o(.text)
    __rt_ctype_table                         0x08000a75   Thumb Code    16  rt_ctype_table.o(.text)
    __rt_heap_descriptor                     0x08000a85   Thumb Code     8  rt_heap_descriptor_intlibspace.o(.text)
    __use_no_heap                            0x08000a8d   Thumb Code     2  hguard.o(.text)
    __heap$guard                             0x08000a8f   Thumb Code     2  hguard.o(.text)
    _terminate_user_alloc                    0x08000a91   Thumb Code     2  init_alloc.o(.text)
    _init_user_alloc                         0x08000a93   Thumb Code     2  init_alloc.o(.text)
    __Heap_Full                              0x08000a95   Thumb Code    34  init_alloc.o(.text)
    __Heap_Broken                            0x08000ab7   Thumb Code     6  init_alloc.o(.text)
    _init_alloc                              0x08000abd   Thumb Code    94  init_alloc.o(.text)
    __Heap_Initialize                        0x08000b1b   Thumb Code    10  h1_init.o(.text)
    __Heap_DescSize                          0x08000b25   Thumb Code     4  h1_init.o(.text)
    __read_errno                             0x08000b29   Thumb Code    10  _rserrno.o(.text)
    __set_errno                              0x08000b33   Thumb Code    12  _rserrno.o(.text)
    _printf_int_common                       0x08000b3f   Thumb Code   178  _printf_intcommon.o(.text)
    __lib_sel_fp_printf                      0x08000bf1   Thumb Code     2  _printf_fp_dec.o(.text)
    _printf_fp_dec_real                      0x08000da3   Thumb Code   620  _printf_fp_dec.o(.text)
    _printf_char_common                      0x0800101b   Thumb Code    32  _printf_char_common.o(.text)
    _sputc                                   0x08001041   Thumb Code    10  _sputc.o(.text)
    _snputc                                  0x0800104b   Thumb Code    16  _snputc.o(.text)
    _printf_cs_common                        0x0800105b   Thumb Code    20  _printf_char.o(.text)
    _printf_char                             0x0800106f   Thumb Code    16  _printf_char.o(.text)
    _printf_string                           0x0800107f   Thumb Code     8  _printf_char.o(.text)
    _printf_char_file                        0x08001089   Thumb Code    32  _printf_char_file.o(.text)
    __user_libspace                          0x080010ad   Thumb Code     8  libspace.o(.text)
    __user_perproc_libspace                  0x080010ad   Thumb Code     0  libspace.o(.text)
    __user_perthread_libspace                0x080010ad   Thumb Code     0  libspace.o(.text)
    __rt_locale                              0x080010b5   Thumb Code     8  rt_locale_intlibspace.o(.text)
    __aeabi_errno_addr                       0x080010bd   Thumb Code     8  rt_errno_addr_intlibspace.o(.text)
    __errno$intlibspace                      0x080010bd   Thumb Code     0  rt_errno_addr_intlibspace.o(.text)
    __rt_errno_addr$intlibspace              0x080010bd   Thumb Code     0  rt_errno_addr_intlibspace.o(.text)
    __Heap_ProvideMemory                     0x080010c5   Thumb Code    52  h1_extend.o(.text)
    _ll_udiv10                               0x080010f9   Thumb Code   138  lludiv10.o(.text)
    _printf_fp_infnan                        0x08001185   Thumb Code   112  _printf_fp_infnan.o(.text)
    _btod_etento                             0x08001205   Thumb Code   224  bigflt0.o(.text)
    ferror                                   0x080012e9   Thumb Code     8  ferror.o(.text)
    __rt_SIGRTMEM                            0x080012f1   Thumb Code    14  defsig_rtmem_outer.o(.text)
    __user_setup_stackheap                   0x080012ff   Thumb Code    74  sys_stackheap_outer.o(.text)
    exit                                     0x08001349   Thumb Code    18  exit.o(.text)
    __sig_exit                               0x0800135b   Thumb Code    10  defsig_exit.o(.text)
    __rt_SIGRTMEM_inner                      0x08001365   Thumb Code    22  defsig_rtmem_inner.o(.text)
    __default_signal_display                 0x080013b5   Thumb Code    50  defsig_general.o(.text)
    _btod_d2e                                0x080013e7   Thumb Code    62  btod.o(CL$$btod_d2e)
    _d2e_denorm_low                          0x08001425   Thumb Code    70  btod.o(CL$$btod_d2e_denorm_low)
    _d2e_norm_op1                            0x0800146b   Thumb Code    96  btod.o(CL$$btod_d2e_norm_op1)
    __btod_div_common                        0x080014cb   Thumb Code   696  btod.o(CL$$btod_div_common)
    _e2e                                     0x08001803   Thumb Code   220  btod.o(CL$$btod_e2e)
    _btod_ediv                               0x080018df   Thumb Code    42  btod.o(CL$$btod_ediv)
    _btod_emul                               0x08001909   Thumb Code    42  btod.o(CL$$btod_emul)
    __btod_mult_common                       0x08001933   Thumb Code   580  btod.o(CL$$btod_mult_common)
    BASE64_Decode                            0x08001b79   Thumb Code   360  base64.o(i.BASE64_Decode)
    BASE64_Encode                            0x08001ce5   Thumb Code   320  base64.o(i.BASE64_Encode)
    BusFault_Handler                         0x08001e29   Thumb Code     4  stm32f1xx_it.o(i.BusFault_Handler)
    DHT11_Wait                               0x08001e2d   Thumb Code    20  btim.o(i.DHT11_Wait)
    DebugMon_Handler                         0x08001e49   Thumb Code     2  stm32f1xx_it.o(i.DebugMon_Handler)
    ESP8266_Clear                            0x08001e4d   Thumb Code    24  esp8266.o(i.ESP8266_Clear)
    ESP8266_GetIPD                           0x08001e71   Thumb Code    74  esp8266.o(i.ESP8266_GetIPD)
    ESP8266_Init                             0x08001ecd   Thumb Code   258  esp8266.o(i.ESP8266_Init)
    ESP8266_SendCmd                          0x080020c9   Thumb Code    76  esp8266.o(i.ESP8266_SendCmd)
    ESP8266_SendData                         0x0800211d   Thumb Code    50  esp8266.o(i.ESP8266_SendData)
    ESP8266_WaitRecive                       0x08002169   Thumb Code    46  esp8266.o(i.ESP8266_WaitRecive)
    GET_Burstification                       0x080021a1   Thumb Code    86  onenet.o(i.GET_Burstification)
    HAL_DMA_Abort_IT                         0x08002211   Thumb Code   414  stm32f1xx_hal_dma.o(i.HAL_DMA_Abort_IT)
    HAL_GPIO_Init                            0x080023b9   Thumb Code   792  stm32f1xx_hal_gpio.o(i.HAL_GPIO_Init)
    HAL_GPIO_ReadPin                         0x080026f9   Thumb Code    16  stm32f1xx_hal_gpio.o(i.HAL_GPIO_ReadPin)
    HAL_GPIO_TogglePin                       0x08002709   Thumb Code    20  stm32f1xx_hal_gpio.o(i.HAL_GPIO_TogglePin)
    HAL_GPIO_WritePin                        0x0800271d   Thumb Code    12  stm32f1xx_hal_gpio.o(i.HAL_GPIO_WritePin)
    HAL_GetTick                              0x08002729   Thumb Code     6  stm32f1xx_hal.o(i.HAL_GetTick)
    HAL_IWDG_Init                            0x08002735   Thumb Code    80  stm32f1xx_hal_iwdg.o(i.HAL_IWDG_Init)
    HAL_IWDG_Refresh                         0x08002785   Thumb Code    14  stm32f1xx_hal_iwdg.o(i.HAL_IWDG_Refresh)
    HAL_IncTick                              0x08002795   Thumb Code    16  stm32f1xx_hal.o(i.HAL_IncTick)
    HAL_Init                                 0x080027ad   Thumb Code    34  stm32f1xx_hal.o(i.HAL_Init)
    HAL_InitTick                             0x080027d5   Thumb Code    64  stm32f1xx_hal.o(i.HAL_InitTick)
    HAL_MspInit                              0x08002821   Thumb Code     2  stm32f1xx_hal.o(i.HAL_MspInit)
    HAL_NVIC_EnableIRQ                       0x08002823   Thumb Code    32  stm32f1xx_hal_cortex.o(i.HAL_NVIC_EnableIRQ)
    HAL_NVIC_SetPriority                     0x08002843   Thumb Code   124  stm32f1xx_hal_cortex.o(i.HAL_NVIC_SetPriority)
    HAL_NVIC_SetPriorityGrouping             0x080028c1   Thumb Code    32  stm32f1xx_hal_cortex.o(i.HAL_NVIC_SetPriorityGrouping)
    HAL_RCC_ClockConfig                      0x080028e9   Thumb Code   376  stm32f1xx_hal_rcc.o(i.HAL_RCC_ClockConfig)
    HAL_RCC_GetHCLKFreq                      0x08002a75   Thumb Code     6  stm32f1xx_hal_rcc.o(i.HAL_RCC_GetHCLKFreq)
    HAL_RCC_GetPCLK1Freq                     0x08002a81   Thumb Code    22  stm32f1xx_hal_rcc.o(i.HAL_RCC_GetPCLK1Freq)
    HAL_RCC_GetPCLK2Freq                     0x08002aa1   Thumb Code    22  stm32f1xx_hal_rcc.o(i.HAL_RCC_GetPCLK2Freq)
    HAL_RCC_GetSysClockFreq                  0x08002ac1   Thumb Code   116  stm32f1xx_hal_rcc.o(i.HAL_RCC_GetSysClockFreq)
    HAL_RCC_OscConfig                        0x08002b55   Thumb Code  1114  stm32f1xx_hal_rcc.o(i.HAL_RCC_OscConfig)
    HAL_SYSTICK_Config                       0x08002fb9   Thumb Code    52  stm32f1xx_hal_cortex.o(i.HAL_SYSTICK_Config)
    HAL_TIMEx_BreakCallback                  0x08002fed   Thumb Code     2  stm32f1xx_hal_tim_ex.o(i.HAL_TIMEx_BreakCallback)
    HAL_TIMEx_CommutCallback                 0x08002fef   Thumb Code     2  stm32f1xx_hal_tim_ex.o(i.HAL_TIMEx_CommutCallback)
    HAL_TIM_Base_Init                        0x08002ff1   Thumb Code   102  stm32f1xx_hal_tim.o(i.HAL_TIM_Base_Init)
    HAL_TIM_Base_MspInit                     0x08003059   Thumb Code    62  btim.o(i.HAL_TIM_Base_MspInit)
    HAL_TIM_Base_Start_IT                    0x080030a1   Thumb Code   122  stm32f1xx_hal_tim.o(i.HAL_TIM_Base_Start_IT)
    HAL_TIM_IC_CaptureCallback               0x08003131   Thumb Code     2  stm32f1xx_hal_tim.o(i.HAL_TIM_IC_CaptureCallback)
    HAL_TIM_IRQHandler                       0x08003133   Thumb Code   406  stm32f1xx_hal_tim.o(i.HAL_TIM_IRQHandler)
    HAL_TIM_OC_DelayElapsedCallback          0x080032c9   Thumb Code     2  stm32f1xx_hal_tim.o(i.HAL_TIM_OC_DelayElapsedCallback)
    HAL_TIM_PWM_PulseFinishedCallback        0x080032cb   Thumb Code     2  stm32f1xx_hal_tim.o(i.HAL_TIM_PWM_PulseFinishedCallback)
    HAL_TIM_PeriodElapsedCallback            0x080032cd   Thumb Code    66  btim.o(i.HAL_TIM_PeriodElapsedCallback)
    HAL_TIM_TriggerCallback                  0x08003325   Thumb Code     2  stm32f1xx_hal_tim.o(i.HAL_TIM_TriggerCallback)
    HAL_UART_ErrorCallback                   0x08003327   Thumb Code     2  stm32f1xx_hal_uart.o(i.HAL_UART_ErrorCallback)
    HAL_UART_IRQHandler                      0x08003329   Thumb Code   334  stm32f1xx_hal_uart.o(i.HAL_UART_IRQHandler)
    HAL_UART_Init                            0x0800347d   Thumb Code   114  stm32f1xx_hal_uart.o(i.HAL_UART_Init)
    HAL_UART_MspInit                         0x080034f1   Thumb Code   336  usart.o(i.HAL_UART_MspInit)
    HAL_UART_Receive_IT                      0x08003655   Thumb Code   112  stm32f1xx_hal_uart.o(i.HAL_UART_Receive_IT)
    HAL_UART_RxCpltCallback                  0x080036c5   Thumb Code   188  usart.o(i.HAL_UART_RxCpltCallback)
    HAL_UART_TxCpltCallback                  0x080037a5   Thumb Code     2  stm32f1xx_hal_uart.o(i.HAL_UART_TxCpltCallback)
    HTTP_Principal                           0x080037a7   Thumb Code   112  onenet.o(i.HTTP_Principal)
    HardFault_Handler                        0x08003817   Thumb Code     4  stm32f1xx_it.o(i.HardFault_Handler)
    KEY_Init                                 0x0800381d   Thumb Code    56  key.o(i.KEY_Init)
    KEY_Scan                                 0x0800385d   Thumb Code    46  key.o(i.KEY_Scan)
    LED_Init                                 0x08003891   Thumb Code    66  led.o(i.LED_Init)
    LED_Overturn                             0x080038dd   Thumb Code    32  led.o(i.LED_Overturn)
    MQTT_Attribute_Reporting                 0x08003905   Thumb Code   194  onenet.o(i.MQTT_Attribute_Reporting)
    MQTT_Common_Subscribe                    0x08003a91   Thumb Code   132  onenet.o(i.MQTT_Common_Subscribe)
    MQTT_DeleteBuffer                        0x08003bcd   Thumb Code    28  mqttkit.o(i.MQTT_DeleteBuffer)
    MQTT_DumpLength                          0x08003be9   Thumb Code    46  mqttkit.o(i.MQTT_DumpLength)
    MQTT_NewBuffer                           0x08003c17   Thumb Code    88  mqttkit.o(i.MQTT_NewBuffer)
    MQTT_PacketConnect                       0x08003c71   Thumb Code   666  mqttkit.o(i.MQTT_PacketConnect)
    MQTT_PacketPublish                       0x08003f11   Thumb Code   440  mqttkit.o(i.MQTT_PacketPublish)
    MQTT_PacketSaveData                      0x080040c9   Thumb Code    68  mqttkit.o(i.MQTT_PacketSaveData)
    MQTT_PacketSubscribe                     0x0800412d   Thumb Code   254  mqttkit.o(i.MQTT_PacketSubscribe)
    MQTT_ReadLength                          0x0800422b   Thumb Code    70  mqttkit.o(i.MQTT_ReadLength)
    MQTT_Request_Response                    0x08004271   Thumb Code   192  onenet.o(i.MQTT_Request_Response)
    MQTT_SET_Execute                         0x08004419   Thumb Code    56  onenet.o(i.MQTT_SET_Execute)
    MQTT_SET_Response                        0x08004461   Thumb Code   198  onenet.o(i.MQTT_SET_Response)
    MQTT_UnPacketConnectAck                  0x08004619   Thumb Code    30  mqttkit.o(i.MQTT_UnPacketConnectAck)
    MQTT_UnPacketPublish                     0x08004639   Thumb Code   438  mqttkit.o(i.MQTT_UnPacketPublish)
    MQTT_UnPacketPublishAck                  0x080047f9   Thumb Code    30  mqttkit.o(i.MQTT_UnPacketPublishAck)
    MQTT_UnPacketRecv                        0x08004819   Thumb Code   106  mqttkit.o(i.MQTT_UnPacketRecv)
    MQTT_UnPacketSubscribe                   0x0800488d   Thumb Code    52  mqttkit.o(i.MQTT_UnPacketSubscribe)
    MemManage_Handler                        0x080048c1   Thumb Code     4  stm32f1xx_it.o(i.MemManage_Handler)
    NMI_Handler                              0x080048c5   Thumb Code     2  stm32f1xx_it.o(i.NMI_Handler)
    OneNET_Subscribe                         0x08004b7d   Thumb Code    82  onenet.o(i.OneNET_Subscribe)
    OneNet_AR_FillBuf                        0x08004c01   Thumb Code   256  onenet.o(i.OneNet_AR_FillBuf)
    OneNet_Data_Analysis                     0x08004d49   Thumb Code   222  onenet.o(i.OneNet_Data_Analysis)
    OneNet_DevLink                           0x08004e51   Thumb Code   276  onenet.o(i.OneNet_DevLink)
    OneNet_RR_FillBuf                        0x080050f9   Thumb Code   298  onenet.o(i.OneNet_RR_FillBuf)
    OneNet_RevPro                            0x08005271   Thumb Code   346  onenet.o(i.OneNet_RevPro)
    OneNet_SR_FillBuf                        0x080054f5   Thumb Code   118  onenet.o(i.OneNet_SR_FillBuf)
    OneNet_Unify                             0x08005589   Thumb Code   244  onenet.o(i.OneNet_Unify)
    PendSV_Handler                           0x0800578d   Thumb Code     2  stm32f1xx_it.o(i.PendSV_Handler)
    SVC_Handler                              0x080057b9   Thumb Code     2  stm32f1xx_it.o(i.SVC_Handler)
    SysTick_Handler                          0x080057bb   Thumb Code     8  stm32f1xx_it.o(i.SysTick_Handler)
    SystemInit                               0x080057c3   Thumb Code     2  system_stm32f1xx.o(i.SystemInit)
    TCP_Wait                                 0x080057c5   Thumb Code    20  btim.o(i.TCP_Wait)
    TIM6_IRQHandler                          0x080057e1   Thumb Code    10  btim.o(i.TIM6_IRQHandler)
    TIM_Base_SetConfig                       0x080057f1   Thumb Code   134  stm32f1xx_hal_tim.o(i.TIM_Base_SetConfig)
    TIM_Tool_Init                            0x0800588d   Thumb Code    54  onenet.o(i.TIM_Tool_Init)
    USART1_IRQHandler                        0x08005b25   Thumb Code    10  usart.o(i.USART1_IRQHandler)
    USART3_IRQHandler                        0x08005b35   Thumb Code    10  usart.o(i.USART3_IRQHandler)
    UsageFault_Handler                       0x08005b45   Thumb Code     4  stm32f1xx_it.o(i.UsageFault_Handler)
    Usart_SendString                         0x08005b49   Thumb Code    34  usart.o(i.Usart_SendString)
    __ARM_fpclassify                         0x08005b6b   Thumb Code    40  fpclassify.o(i.__ARM_fpclassify)
    __kernel_poly                            0x08005bcd   Thumb Code   170  poly.o(i.__kernel_poly)
    __mathlib_dbl_divzero                    0x08005c79   Thumb Code    12  dunder.o(i.__mathlib_dbl_divzero)
    __mathlib_dbl_infnan2                    0x08005c89   Thumb Code     4  dunder.o(i.__mathlib_dbl_infnan2)
    __mathlib_dbl_invalid                    0x08005c8d   Thumb Code    12  dunder.o(i.__mathlib_dbl_invalid)
    __mathlib_dbl_overflow                   0x08005c99   Thumb Code    14  dunder.o(i.__mathlib_dbl_overflow)
    __mathlib_dbl_underflow                  0x08005ca9   Thumb Code    10  dunder.o(i.__mathlib_dbl_underflow)
    _is_digit                                0x08005cb9   Thumb Code    14  __printf_wp.o(i._is_digit)
    _sys_exit                                0x08005cc7   Thumb Code     4  usart.o(i._sys_exit)
    _ttywrch                                 0x08005ccb   Thumb Code     4  usart.o(i._ttywrch)
    btim_timx_int_init                       0x08005cd1   Thumb Code    34  btim.o(i.btim_timx_int_init)
    cJSON_AddItemToArray                     0x08005cfd   Thumb Code    42  cjson.o(i.cJSON_AddItemToArray)
    cJSON_AddItemToObject                    0x08005d29   Thumb Code    44  cjson.o(i.cJSON_AddItemToObject)
    cJSON_CreateFalse                        0x08005d59   Thumb Code    18  cjson.o(i.cJSON_CreateFalse)
    cJSON_CreateNumber                       0x08005d6b   Thumb Code    36  cjson.o(i.cJSON_CreateNumber)
    cJSON_CreateObject                       0x08005d8f   Thumb Code    18  cjson.o(i.cJSON_CreateObject)
    cJSON_CreateString                       0x08005da1   Thumb Code    28  cjson.o(i.cJSON_CreateString)
    cJSON_CreateTrue                         0x08005dbd   Thumb Code    18  cjson.o(i.cJSON_CreateTrue)
    cJSON_Delete                             0x08005dd1   Thumb Code    82  cjson.o(i.cJSON_Delete)
    cJSON_GetArrayItem                       0x08005e29   Thumb Code    18  cjson.o(i.cJSON_GetArrayItem)
    cJSON_GetArraySize                       0x08005e3b   Thumb Code    18  cjson.o(i.cJSON_GetArraySize)
    cJSON_GetObjectItem                      0x08005e4d   Thumb Code    30  cjson.o(i.cJSON_GetObjectItem)
    cJSON_Parse                              0x08005e8d   Thumb Code    16  cjson.o(i.cJSON_Parse)
    cJSON_ParseWithOpts                      0x08005e9d   Thumb Code    96  cjson.o(i.cJSON_ParseWithOpts)
    cJSON_Print                              0x08005f01   Thumb Code    18  cjson.o(i.cJSON_Print)
    cJSON_PrintUnformatted                   0x08005f13   Thumb Code    18  cjson.o(i.cJSON_PrintUnformatted)
    delay_init                               0x08005f9d   Thumb Code     6  delay.o(i.delay_init)
    delay_ms                                 0x08005fa9   Thumb Code    18  delay.o(i.delay_ms)
    delay_us                                 0x08005fbd   Thumb Code    68  delay.o(i.delay_us)
    dht11_check                              0x08006005   Thumb Code    82  dht11.o(i.dht11_check)
    dht11_init                               0x0800605d   Thumb Code    72  dht11.o(i.dht11_init)
    dht11_read_bit                           0x080060ad   Thumb Code    88  dht11.o(i.dht11_read_bit)
    dht11_read_data                          0x08006127   Thumb Code    92  dht11.o(i.dht11_read_data)
    floor                                    0x08006229   Thumb Code   204  floor.o(i.floor)
    fputc                                    0x08006305   Thumb Code    24  usart.o(i.fputc)
    ft                                       0x08006321   Thumb Code    76  hmac_sha1.o(i.ft)
    hmac_sha1                                0x0800636d   Thumb Code   330  hmac_sha1.o(i.hmac_sha1)
    iwdg_feed                                0x080064b9   Thumb Code    10  wdg.o(i.iwdg_feed)
    iwdg_init                                0x080064c9   Thumb Code    24  wdg.o(i.iwdg_init)
    k                                        0x080064e9   Thumb Code    34  hmac_sha1.o(i.k)
    main                                     0x0800651d   Thumb Code   560  main.o(i.main)
    pow                                      0x08007071   Thumb Code  2512  pow.o(i.pow)
    rotl                                     0x08008579   Thumb Code    46  hmac_sha1.o(i.rotl)
    sha1                                     0x080085a9   Thumb Code   632  hmac_sha1.o(i.sha1)
    sqrt                                     0x0800883f   Thumb Code    76  sqrt.o(i.sqrt)
    sys_stm32_clock_init                     0x08008891   Thumb Code   102  sys.o(i.sys_stm32_clock_init)
    usart3_init                              0x08008919   Thumb Code    44  usart.o(i.usart3_init)
    usart_init                               0x08008951   Thumb Code    44  usart.o(i.usart_init)
    _get_lc_ctype                            0x08008989   Thumb Code    44  lc_ctype_c.o(locale$$code)
    _get_lc_numeric                          0x080089b5   Thumb Code    44  lc_numeric_c.o(locale$$code)
    __aeabi_dadd                             0x080089e1   Thumb Code     0  daddsub_clz.o(x$fpl$dadd)
    _dadd                                    0x080089e1   Thumb Code   332  daddsub_clz.o(x$fpl$dadd)
    __fpl_dcheck_NaN1                        0x08008b31   Thumb Code    10  dcheck1.o(x$fpl$dcheck1)
    __fpl_dcmp_Inf                           0x08008b41   Thumb Code    24  dcmpi.o(x$fpl$dcmpinf)
    __aeabi_ddiv                             0x08008b59   Thumb Code     0  ddiv.o(x$fpl$ddiv)
    _ddiv                                    0x08008b59   Thumb Code   552  ddiv.o(x$fpl$ddiv)
    __aeabi_cdcmpeq                          0x08008e09   Thumb Code     0  deqf.o(x$fpl$deqf)
    _dcmpeq                                  0x08008e09   Thumb Code   120  deqf.o(x$fpl$deqf)
    __aeabi_d2iz                             0x08008e81   Thumb Code     0  dfix.o(x$fpl$dfix)
    _dfix                                    0x08008e81   Thumb Code    94  dfix.o(x$fpl$dfix)
    __aeabi_i2d                              0x08008edf   Thumb Code     0  dflt_clz.o(x$fpl$dflt)
    _dflt                                    0x08008edf   Thumb Code    46  dflt_clz.o(x$fpl$dflt)
    __aeabi_ui2d                             0x08008f0d   Thumb Code     0  dflt_clz.o(x$fpl$dfltu)
    _dfltu                                   0x08008f0d   Thumb Code    38  dflt_clz.o(x$fpl$dfltu)
    __aeabi_cdcmple                          0x08008f35   Thumb Code     0  dleqf.o(x$fpl$dleqf)
    _dcmple                                  0x08008f35   Thumb Code   120  dleqf.o(x$fpl$dleqf)
    __fpl_dcmple_InfNaN                      0x08008f97   Thumb Code     0  dleqf.o(x$fpl$dleqf)
    __aeabi_dmul                             0x08008fad   Thumb Code     0  dmul.o(x$fpl$dmul)
    _dmul                                    0x08008fad   Thumb Code   332  dmul.o(x$fpl$dmul)
    __fpl_dnaninf                            0x08009101   Thumb Code   156  dnaninf.o(x$fpl$dnaninf)
    __fpl_dretinf                            0x0800919d   Thumb Code    12  dretinf.o(x$fpl$dretinf)
    __aeabi_cdrcmple                         0x080091a9   Thumb Code     0  drleqf.o(x$fpl$drleqf)
    _drcmple                                 0x080091a9   Thumb Code   108  drleqf.o(x$fpl$drleqf)
    __aeabi_drsub                            0x08009215   Thumb Code     0  daddsub_clz.o(x$fpl$drsb)
    _drsb                                    0x08009215   Thumb Code    22  daddsub_clz.o(x$fpl$drsb)
    _dsqrt                                   0x0800922d   Thumb Code   456  dsqrt_noumaal.o(x$fpl$dsqrt)
    __aeabi_dsub                             0x080093f9   Thumb Code     0  daddsub_clz.o(x$fpl$dsub)
    _dsub                                    0x080093f9   Thumb Code   464  daddsub_clz.o(x$fpl$dsub)
    _printf_fp_dec                           0x080095cd   Thumb Code     4  printf1.o(x$fpl$printf1)
    __fpl_return_NaN                         0x080095d1   Thumb Code   100  retnan.o(x$fpl$retnan)
    __ARM_scalbn                             0x08009635   Thumb Code    92  scalbn.o(x$fpl$scalbn)
    __fpl_cmpreturn                          0x08009691   Thumb Code    48  trapv.o(x$fpl$trapveneer)
    AHBPrescTable                            0x080096c0   Data          16  system_stm32f1xx.o(.constdata)
    __I$use$fp                               0x080096c0   Number         0  usenofp.o(x$fpl$usenofp)
    APBPrescTable                            0x080096d0   Data           8  system_stm32f1xx.o(.constdata)
    __mathlib_zero                           0x08009860   Data           8  qnan.o(.constdata)
    Region$$Table$$Base                      0x080099a8   Number         0  anon$$obj.o(Region$$Table)
    Region$$Table$$Limit                     0x080099c8   Number         0  anon$$obj.o(Region$$Table)
    __ctype                                  0x080099d5   Data           0  lc_ctype_c.o(locale$$data)
    SystemCoreClock                          0x20000000   Data           4  system_stm32f1xx.o(.data)
    __stdout                                 0x20000008   Data           4  usart.o(.data)
    g_usart_rx_sta                           0x2000000c   Data           2  usart.o(.data)
    g_rx_buffer                              0x2000000e   Data           1  usart.o(.data)
    uwTick                                   0x20000010   Data           4  stm32f1xx_hal.o(.data)
    uwTickPrio                               0x20000014   Data           4  stm32f1xx_hal.o(.data)
    uwTickFreq                               0x20000018   Data           1  stm32f1xx_hal.o(.data)
    LED                                      0x20000019   Data           1  led.o(.data)
    Time1                                    0x2000001c   Data           4  btim.o(.data)
    Time1_t                                  0x20000020   Data           4  btim.o(.data)
    Time2                                    0x20000024   Data           4  btim.o(.data)
    Time2_t                                  0x20000028   Data           4  btim.o(.data)
    Time3                                    0x2000002c   Data           4  btim.o(.data)
    Time3_t                                  0x20000030   Data           4  btim.o(.data)
    Time4                                    0x20000034   Data           4  btim.o(.data)
    Time4_t                                  0x20000038   Data           4  btim.o(.data)
    LED_t                                    0x2000003c   Data           1  btim.o(.data)
    humi                                     0x2000003d   Data           1  btim.o(.data)
    temp                                     0x2000003e   Data           1  btim.o(.data)
    humi_t                                   0x2000003f   Data           1  btim.o(.data)
    temp_t                                   0x20000040   Data           1  btim.o(.data)
    esp8266_cnt                              0x20000042   Data           2  esp8266.o(.data)
    esp8266_cntPre                           0x20000044   Data           2  esp8266.o(.data)
    g_usart_rx_buf                           0x2000005c   Data         200  usart.o(.bss)
    g_uart1_handle                           0x20000124   Data          64  usart.o(.bss)
    g_uart3_handle                           0x20000164   Data          64  usart.o(.bss)
    g_iwdg_handle                            0x200001a4   Data          12  wdg.o(.bss)
    g_timx_handle                            0x200001b0   Data          72  btim.o(.bss)
    esp8266_buf                              0x200001f8   Data        2048  esp8266.o(.bss)
    __libspace_start                         0x200009f8   Data          96  libspace.o(.bss)
    __temporary_stack_top$libspace           0x20000a58   Data           0  libspace.o(.bss)



==============================================================================

Memory Map of the image

  Image Entry point : 0x08000131

  Load Region LR_IROM1 (Base: 0x08000000, Size: 0x00009b50, Max: 0x00080000, ABSOLUTE)

    Execution Region ER_IROM1 (Exec base: 0x08000000, Load base: 0x08000000, Size: 0x00009af4, Max: 0x00080000, ABSOLUTE)

    Exec Addr    Load Addr    Size         Type   Attr      Idx    E Section Name        Object

    0x08000000   0x08000000   0x00000130   Data   RO            3    RESET               startup_stm32f103xe.o
    0x08000130   0x08000130   0x00000008   Code   RO         4503  * !!!main             c_w.l(__main.o)
    0x08000138   0x08000138   0x00000034   Code   RO         4871    !!!scatter          c_w.l(__scatter.o)
    0x0800016c   0x0800016c   0x0000001a   Code   RO         4873    !!handler_copy      c_w.l(__scatter_copy.o)
    0x08000186   0x08000186   0x00000002   PAD
    0x08000188   0x08000188   0x0000001c   Code   RO         4875    !!handler_zi        c_w.l(__scatter_zi.o)
    0x080001a4   0x080001a4   0x00000000   Code   RO         4470    .ARM.Collect$$_printf_percent$$00000000  c_w.l(_printf_percent.o)
    0x080001a4   0x080001a4   0x00000006   Code   RO         4464    .ARM.Collect$$_printf_percent$$00000001  c_w.l(_printf_n.o)
    0x080001aa   0x080001aa   0x00000006   Code   RO         4466    .ARM.Collect$$_printf_percent$$00000002  c_w.l(_printf_p.o)
    0x080001b0   0x080001b0   0x00000006   Code   RO         4468    .ARM.Collect$$_printf_percent$$00000003  c_w.l(_printf_f.o)
    0x080001b6   0x080001b6   0x00000006   Code   RO         4469    .ARM.Collect$$_printf_percent$$00000004  c_w.l(_printf_e.o)
    0x080001bc   0x080001bc   0x00000006   Code   RO         4467    .ARM.Collect$$_printf_percent$$00000009  c_w.l(_printf_d.o)
    0x080001c2   0x080001c2   0x00000006   Code   RO         4465    .ARM.Collect$$_printf_percent$$0000000C  c_w.l(_printf_x.o)
    0x080001c8   0x080001c8   0x00000006   Code   RO         4463    .ARM.Collect$$_printf_percent$$00000014  c_w.l(_printf_s.o)
    0x080001ce   0x080001ce   0x00000004   Code   RO         4595    .ARM.Collect$$_printf_percent$$00000017  c_w.l(_printf_percent_end.o)
    0x080001d2   0x080001d2   0x00000002   Code   RO         4810    .ARM.Collect$$libinit$$00000000  c_w.l(libinit.o)
    0x080001d4   0x080001d4   0x00000000   Code   RO         4605    .ARM.Collect$$libinit$$00000002  c_w.l(libinit2.o)
    0x080001d4   0x080001d4   0x00000000   Code   RO         4607    .ARM.Collect$$libinit$$00000004  c_w.l(libinit2.o)
    0x080001d4   0x080001d4   0x00000008   Code   RO         4608    .ARM.Collect$$libinit$$00000005  c_w.l(libinit2.o)
    0x080001dc   0x080001dc   0x00000000   Code   RO         4610    .ARM.Collect$$libinit$$0000000A  c_w.l(libinit2.o)
    0x080001dc   0x080001dc   0x00000000   Code   RO         4612    .ARM.Collect$$libinit$$0000000C  c_w.l(libinit2.o)
    0x080001dc   0x080001dc   0x00000000   Code   RO         4614    .ARM.Collect$$libinit$$0000000E  c_w.l(libinit2.o)
    0x080001dc   0x080001dc   0x00000006   Code   RO         4615    .ARM.Collect$$libinit$$0000000F  c_w.l(libinit2.o)
    0x080001e2   0x080001e2   0x00000000   Code   RO         4617    .ARM.Collect$$libinit$$00000011  c_w.l(libinit2.o)
    0x080001e2   0x080001e2   0x0000000c   Code   RO         4618    .ARM.Collect$$libinit$$00000012  c_w.l(libinit2.o)
    0x080001ee   0x080001ee   0x00000000   Code   RO         4619    .ARM.Collect$$libinit$$00000013  c_w.l(libinit2.o)
    0x080001ee   0x080001ee   0x00000000   Code   RO         4621    .ARM.Collect$$libinit$$00000015  c_w.l(libinit2.o)
    0x080001ee   0x080001ee   0x0000000a   Code   RO         4622    .ARM.Collect$$libinit$$00000016  c_w.l(libinit2.o)
    0x080001f8   0x080001f8   0x00000000   Code   RO         4623    .ARM.Collect$$libinit$$00000017  c_w.l(libinit2.o)
    0x080001f8   0x080001f8   0x00000000   Code   RO         4625    .ARM.Collect$$libinit$$00000019  c_w.l(libinit2.o)
    0x080001f8   0x080001f8   0x00000000   Code   RO         4627    .ARM.Collect$$libinit$$0000001B  c_w.l(libinit2.o)
    0x080001f8   0x080001f8   0x00000000   Code   RO         4629    .ARM.Collect$$libinit$$0000001D  c_w.l(libinit2.o)
    0x080001f8   0x080001f8   0x00000000   Code   RO         4631    .ARM.Collect$$libinit$$0000001F  c_w.l(libinit2.o)
    0x080001f8   0x080001f8   0x00000000   Code   RO         4633    .ARM.Collect$$libinit$$00000021  c_w.l(libinit2.o)
    0x080001f8   0x080001f8   0x00000000   Code   RO         4635    .ARM.Collect$$libinit$$00000023  c_w.l(libinit2.o)
    0x080001f8   0x080001f8   0x00000000   Code   RO         4637    .ARM.Collect$$libinit$$00000025  c_w.l(libinit2.o)
    0x080001f8   0x080001f8   0x00000000   Code   RO         4641    .ARM.Collect$$libinit$$0000002C  c_w.l(libinit2.o)
    0x080001f8   0x080001f8   0x00000000   Code   RO         4643    .ARM.Collect$$libinit$$0000002E  c_w.l(libinit2.o)
    0x080001f8   0x080001f8   0x00000000   Code   RO         4645    .ARM.Collect$$libinit$$00000030  c_w.l(libinit2.o)
    0x080001f8   0x080001f8   0x00000000   Code   RO         4647    .ARM.Collect$$libinit$$00000032  c_w.l(libinit2.o)
    0x080001f8   0x080001f8   0x00000002   Code   RO         4648    .ARM.Collect$$libinit$$00000033  c_w.l(libinit2.o)
    0x080001fa   0x080001fa   0x00000002   Code   RO         4868    .ARM.Collect$$libshutdown$$00000000  c_w.l(libshutdown.o)
    0x080001fc   0x080001fc   0x00000000   Code   RO         4824    .ARM.Collect$$libshutdown$$00000002  c_w.l(libshutdown2.o)
    0x080001fc   0x080001fc   0x00000000   Code   RO         4826    .ARM.Collect$$libshutdown$$00000004  c_w.l(libshutdown2.o)
    0x080001fc   0x080001fc   0x00000000   Code   RO         4829    .ARM.Collect$$libshutdown$$00000007  c_w.l(libshutdown2.o)
    0x080001fc   0x080001fc   0x00000000   Code   RO         4832    .ARM.Collect$$libshutdown$$0000000A  c_w.l(libshutdown2.o)
    0x080001fc   0x080001fc   0x00000000   Code   RO         4834    .ARM.Collect$$libshutdown$$0000000C  c_w.l(libshutdown2.o)
    0x080001fc   0x080001fc   0x00000000   Code   RO         4837    .ARM.Collect$$libshutdown$$0000000F  c_w.l(libshutdown2.o)
    0x080001fc   0x080001fc   0x00000002   Code   RO         4838    .ARM.Collect$$libshutdown$$00000010  c_w.l(libshutdown2.o)
    0x080001fe   0x080001fe   0x00000000   Code   RO         4551    .ARM.Collect$$rtentry$$00000000  c_w.l(__rtentry.o)
    0x080001fe   0x080001fe   0x00000000   Code   RO         4695    .ARM.Collect$$rtentry$$00000002  c_w.l(__rtentry2.o)
    0x080001fe   0x080001fe   0x00000006   Code   RO         4707    .ARM.Collect$$rtentry$$00000004  c_w.l(__rtentry4.o)
    0x08000204   0x08000204   0x00000000   Code   RO         4697    .ARM.Collect$$rtentry$$00000009  c_w.l(__rtentry2.o)
    0x08000204   0x08000204   0x00000004   Code   RO         4698    .ARM.Collect$$rtentry$$0000000A  c_w.l(__rtentry2.o)
    0x08000208   0x08000208   0x00000000   Code   RO         4700    .ARM.Collect$$rtentry$$0000000C  c_w.l(__rtentry2.o)
    0x08000208   0x08000208   0x00000008   Code   RO         4701    .ARM.Collect$$rtentry$$0000000D  c_w.l(__rtentry2.o)
    0x08000210   0x08000210   0x00000002   Code   RO         4813    .ARM.Collect$$rtexit$$00000000  c_w.l(rtexit.o)
    0x08000212   0x08000212   0x00000000   Code   RO         4842    .ARM.Collect$$rtexit$$00000002  c_w.l(rtexit2.o)
    0x08000212   0x08000212   0x00000004   Code   RO         4843    .ARM.Collect$$rtexit$$00000003  c_w.l(rtexit2.o)
    0x08000216   0x08000216   0x00000006   Code   RO         4844    .ARM.Collect$$rtexit$$00000004  c_w.l(rtexit2.o)
    0x0800021c   0x0800021c   0x00000000   Code   RO         4721    .emb_text           c_w.l(maybetermalloc1.o)
    0x0800021c   0x0800021c   0x00000040   Code   RO            4    .text               startup_stm32f103xe.o
    0x0800025c   0x0800025c   0x00000002   Code   RO         4334    .text               c_w.l(use_no_semi_2.o)
    0x0800025e   0x0800025e   0x0000005e   Code   RO         4340    .text               c_w.l(h1_alloc.o)
    0x080002bc   0x080002bc   0x0000004e   Code   RO         4342    .text               c_w.l(h1_free.o)
    0x0800030a   0x0800030a   0x0000001a   Code   RO         4398    .text               c_w.l(tolower.o)
    0x08000324   0x08000324   0x00000018   Code   RO         4406    .text               c_w.l(noretval__2printf.o)
    0x0800033c   0x0800033c   0x00000028   Code   RO         4408    .text               c_w.l(noretval__2sprintf.o)
    0x08000364   0x08000364   0x00000034   Code   RO         4410    .text               c_w.l(noretval__2snprintf.o)
    0x08000398   0x08000398   0x0000004e   Code   RO         4414    .text               c_w.l(_printf_pad.o)
    0x080003e6   0x080003e6   0x00000052   Code   RO         4416    .text               c_w.l(_printf_str.o)
    0x08000438   0x08000438   0x00000078   Code   RO         4418    .text               c_w.l(_printf_dec.o)
    0x080004b0   0x080004b0   0x00000028   Code   RO         4420    .text               c_w.l(_printf_charcount.o)
    0x080004d8   0x080004d8   0x0000007c   Code   RO         4434    .text               c_w.l(_printf_hex_int_ptr.o)
    0x08000554   0x08000554   0x00000188   Code   RO         4460    .text               c_w.l(__printf_flags_ss_wp.o)
    0x080006dc   0x080006dc   0x00000014   Code   RO         4477    .text               c_w.l(strchr.o)
    0x080006f0   0x080006f0   0x00000024   Code   RO         4479    .text               c_w.l(strncat.o)
    0x08000714   0x08000714   0x00000024   Code   RO         4481    .text               c_w.l(strstr.o)
    0x08000738   0x08000738   0x00000048   Code   RO         4483    .text               c_w.l(strcpy.o)
    0x08000780   0x08000780   0x0000003e   Code   RO         4485    .text               c_w.l(strlen.o)
    0x080007be   0x080007be   0x00000096   Code   RO         4487    .text               c_w.l(strncmp.o)
    0x08000854   0x08000854   0x00000018   Code   RO         4489    .text               c_w.l(strcat.o)
    0x0800086c   0x0800086c   0x0000008a   Code   RO         4491    .text               c_w.l(rt_memcpy_v6.o)
    0x080008f6   0x080008f6   0x00000064   Code   RO         4493    .text               c_w.l(rt_memcpy_w.o)
    0x0800095a   0x0800095a   0x00000044   Code   RO         4495    .text               c_w.l(rt_memclr.o)
    0x0800099e   0x0800099e   0x0000004e   Code   RO         4497    .text               c_w.l(rt_memclr_w.o)
    0x080009ec   0x080009ec   0x00000080   Code   RO         4499    .text               c_w.l(strcmpv7m.o)
    0x08000a6c   0x08000a6c   0x00000006   Code   RO         4501    .text               c_w.l(heapauxi.o)
    0x08000a72   0x08000a72   0x00000002   Code   RO         4547    .text               c_w.l(use_no_semi.o)
    0x08000a74   0x08000a74   0x00000010   Code   RO         4552    .text               c_w.l(rt_ctype_table.o)
    0x08000a84   0x08000a84   0x00000008   Code   RO         4557    .text               c_w.l(rt_heap_descriptor_intlibspace.o)
    0x08000a8c   0x08000a8c   0x00000004   Code   RO         4559    .text               c_w.l(hguard.o)
    0x08000a90   0x08000a90   0x0000008a   Code   RO         4561    .text               c_w.l(init_alloc.o)
    0x08000b1a   0x08000b1a   0x0000000e   Code   RO         4565    .text               c_w.l(h1_init.o)
    0x08000b28   0x08000b28   0x00000016   Code   RO         4579    .text               c_w.l(_rserrno.o)
    0x08000b3e   0x08000b3e   0x000000b2   Code   RO         4581    .text               c_w.l(_printf_intcommon.o)
    0x08000bf0   0x08000bf0   0x0000041e   Code   RO         4583    .text               c_w.l(_printf_fp_dec.o)
    0x0800100e   0x0800100e   0x00000002   PAD
    0x08001010   0x08001010   0x00000030   Code   RO         4585    .text               c_w.l(_printf_char_common.o)
    0x08001040   0x08001040   0x0000000a   Code   RO         4587    .text               c_w.l(_sputc.o)
    0x0800104a   0x0800104a   0x00000010   Code   RO         4589    .text               c_w.l(_snputc.o)
    0x0800105a   0x0800105a   0x0000002c   Code   RO         4591    .text               c_w.l(_printf_char.o)
    0x08001086   0x08001086   0x00000002   PAD
    0x08001088   0x08001088   0x00000024   Code   RO         4593    .text               c_w.l(_printf_char_file.o)
    0x080010ac   0x080010ac   0x00000008   Code   RO         4691    .text               c_w.l(libspace.o)
    0x080010b4   0x080010b4   0x00000008   Code   RO         4712    .text               c_w.l(rt_locale_intlibspace.o)
    0x080010bc   0x080010bc   0x00000008   Code   RO         4717    .text               c_w.l(rt_errno_addr_intlibspace.o)
    0x080010c4   0x080010c4   0x00000034   Code   RO         4723    .text               c_w.l(h1_extend.o)
    0x080010f8   0x080010f8   0x0000008a   Code   RO         4727    .text               c_w.l(lludiv10.o)
    0x08001182   0x08001182   0x00000002   PAD
    0x08001184   0x08001184   0x00000080   Code   RO         4731    .text               c_w.l(_printf_fp_infnan.o)
    0x08001204   0x08001204   0x000000e4   Code   RO         4737    .text               c_w.l(bigflt0.o)
    0x080012e8   0x080012e8   0x00000008   Code   RO         4762    .text               c_w.l(ferror.o)
    0x080012f0   0x080012f0   0x0000000e   Code   RO         4772    .text               c_w.l(defsig_rtmem_outer.o)
    0x080012fe   0x080012fe   0x0000004a   Code   RO         4789    .text               c_w.l(sys_stackheap_outer.o)
    0x08001348   0x08001348   0x00000012   Code   RO         4795    .text               c_w.l(exit.o)
    0x0800135a   0x0800135a   0x0000000a   Code   RO         4797    .text               c_w.l(defsig_exit.o)
    0x08001364   0x08001364   0x00000050   Code   RO         4799    .text               c_w.l(defsig_rtmem_inner.o)
    0x080013b4   0x080013b4   0x00000032   Code   RO         4821    .text               c_w.l(defsig_general.o)
    0x080013e6   0x080013e6   0x0000003e   Code   RO         4740    CL$$btod_d2e        c_w.l(btod.o)
    0x08001424   0x08001424   0x00000046   Code   RO         4742    CL$$btod_d2e_denorm_low  c_w.l(btod.o)
    0x0800146a   0x0800146a   0x00000060   Code   RO         4741    CL$$btod_d2e_norm_op1  c_w.l(btod.o)
    0x080014ca   0x080014ca   0x00000338   Code   RO         4750    CL$$btod_div_common  c_w.l(btod.o)
    0x08001802   0x08001802   0x000000dc   Code   RO         4747    CL$$btod_e2e        c_w.l(btod.o)
    0x080018de   0x080018de   0x0000002a   Code   RO         4744    CL$$btod_ediv       c_w.l(btod.o)
    0x08001908   0x08001908   0x0000002a   Code   RO         4743    CL$$btod_emul       c_w.l(btod.o)
    0x08001932   0x08001932   0x00000244   Code   RO         4749    CL$$btod_mult_common  c_w.l(btod.o)
    0x08001b76   0x08001b76   0x00000002   PAD
    0x08001b78   0x08001b78   0x0000016c   Code   RO         3732    i.BASE64_Decode     base64.o
    0x08001ce4   0x08001ce4   0x00000144   Code   RO         3733    i.BASE64_Encode     base64.o
    0x08001e28   0x08001e28   0x00000004   Code   RO          249    i.BusFault_Handler  stm32f1xx_it.o
    0x08001e2c   0x08001e2c   0x0000001c   Code   RO         3287    i.DHT11_Wait        btim.o
    0x08001e48   0x08001e48   0x00000002   Code   RO          250    i.DebugMon_Handler  stm32f1xx_it.o
    0x08001e4a   0x08001e4a   0x00000002   PAD
    0x08001e4c   0x08001e4c   0x00000024   Code   RO         3355    i.ESP8266_Clear     esp8266.o
    0x08001e70   0x08001e70   0x0000005c   Code   RO         3356    i.ESP8266_GetIPD    esp8266.o
    0x08001ecc   0x08001ecc   0x000001fc   Code   RO         3357    i.ESP8266_Init      esp8266.o
    0x080020c8   0x080020c8   0x00000054   Code   RO         3358    i.ESP8266_SendCmd   esp8266.o
    0x0800211c   0x0800211c   0x0000004c   Code   RO         3359    i.ESP8266_SendData  esp8266.o
    0x08002168   0x08002168   0x00000038   Code   RO         3360    i.ESP8266_WaitRecive  esp8266.o
    0x080021a0   0x080021a0   0x00000070   Code   RO         3813    i.GET_Burstification  onenet.o
    0x08002210   0x08002210   0x000001a8   Code   RO         1174    i.HAL_DMA_Abort_IT  stm32f1xx_hal_dma.o
    0x080023b8   0x080023b8   0x00000340   Code   RO         1270    i.HAL_GPIO_Init     stm32f1xx_hal_gpio.o
    0x080026f8   0x080026f8   0x00000010   Code   RO         1272    i.HAL_GPIO_ReadPin  stm32f1xx_hal_gpio.o
    0x08002708   0x08002708   0x00000014   Code   RO         1273    i.HAL_GPIO_TogglePin  stm32f1xx_hal_gpio.o
    0x0800271c   0x0800271c   0x0000000c   Code   RO         1274    i.HAL_GPIO_WritePin  stm32f1xx_hal_gpio.o
    0x08002728   0x08002728   0x0000000c   Code   RO          887    i.HAL_GetTick       stm32f1xx_hal.o
    0x08002734   0x08002734   0x00000050   Code   RO         2109    i.HAL_IWDG_Init     stm32f1xx_hal_iwdg.o
    0x08002784   0x08002784   0x0000000e   Code   RO         2110    i.HAL_IWDG_Refresh  stm32f1xx_hal_iwdg.o
    0x08002792   0x08002792   0x00000002   PAD
    0x08002794   0x08002794   0x00000018   Code   RO          893    i.HAL_IncTick       stm32f1xx_hal.o
    0x080027ac   0x080027ac   0x00000028   Code   RO          894    i.HAL_Init          stm32f1xx_hal.o
    0x080027d4   0x080027d4   0x0000004c   Code   RO          895    i.HAL_InitTick      stm32f1xx_hal.o
    0x08002820   0x08002820   0x00000002   Code   RO          897    i.HAL_MspInit       stm32f1xx_hal.o
    0x08002822   0x08002822   0x00000020   Code   RO         1052    i.HAL_NVIC_EnableIRQ  stm32f1xx_hal_cortex.o
    0x08002842   0x08002842   0x0000007c   Code   RO         1058    i.HAL_NVIC_SetPriority  stm32f1xx_hal_cortex.o
    0x080028be   0x080028be   0x00000002   PAD
    0x080028c0   0x080028c0   0x00000028   Code   RO         1059    i.HAL_NVIC_SetPriorityGrouping  stm32f1xx_hal_cortex.o
    0x080028e8   0x080028e8   0x0000018c   Code   RO         1370    i.HAL_RCC_ClockConfig  stm32f1xx_hal_rcc.o
    0x08002a74   0x08002a74   0x0000000c   Code   RO         1375    i.HAL_RCC_GetHCLKFreq  stm32f1xx_hal_rcc.o
    0x08002a80   0x08002a80   0x00000020   Code   RO         1377    i.HAL_RCC_GetPCLK1Freq  stm32f1xx_hal_rcc.o
    0x08002aa0   0x08002aa0   0x00000020   Code   RO         1378    i.HAL_RCC_GetPCLK2Freq  stm32f1xx_hal_rcc.o
    0x08002ac0   0x08002ac0   0x00000094   Code   RO         1379    i.HAL_RCC_GetSysClockFreq  stm32f1xx_hal_rcc.o
    0x08002b54   0x08002b54   0x00000464   Code   RO         1382    i.HAL_RCC_OscConfig  stm32f1xx_hal_rcc.o
    0x08002fb8   0x08002fb8   0x00000034   Code   RO         1063    i.HAL_SYSTICK_Config  stm32f1xx_hal_cortex.o
    0x08002fec   0x08002fec   0x00000002   Code   RO         2856    i.HAL_TIMEx_BreakCallback  stm32f1xx_hal_tim_ex.o
    0x08002fee   0x08002fee   0x00000002   Code   RO         2857    i.HAL_TIMEx_CommutCallback  stm32f1xx_hal_tim_ex.o
    0x08002ff0   0x08002ff0   0x00000066   Code   RO         2141    i.HAL_TIM_Base_Init  stm32f1xx_hal_tim.o
    0x08003056   0x08003056   0x00000002   PAD
    0x08003058   0x08003058   0x00000048   Code   RO         3288    i.HAL_TIM_Base_MspInit  btim.o
    0x080030a0   0x080030a0   0x00000090   Code   RO         2146    i.HAL_TIM_Base_Start_IT  stm32f1xx_hal_tim.o
    0x08003130   0x08003130   0x00000002   Code   RO         2175    i.HAL_TIM_IC_CaptureCallback  stm32f1xx_hal_tim.o
    0x08003132   0x08003132   0x00000196   Code   RO         2189    i.HAL_TIM_IRQHandler  stm32f1xx_hal_tim.o
    0x080032c8   0x080032c8   0x00000002   Code   RO         2192    i.HAL_TIM_OC_DelayElapsedCallback  stm32f1xx_hal_tim.o
    0x080032ca   0x080032ca   0x00000002   Code   RO         2219    i.HAL_TIM_PWM_PulseFinishedCallback  stm32f1xx_hal_tim.o
    0x080032cc   0x080032cc   0x00000058   Code   RO         3289    i.HAL_TIM_PeriodElapsedCallback  btim.o
    0x08003324   0x08003324   0x00000002   Code   RO         2232    i.HAL_TIM_TriggerCallback  stm32f1xx_hal_tim.o
    0x08003326   0x08003326   0x00000002   Code   RO         1533    i.HAL_UART_ErrorCallback  stm32f1xx_hal_uart.o
    0x08003328   0x08003328   0x00000154   Code   RO         1536    i.HAL_UART_IRQHandler  stm32f1xx_hal_uart.o
    0x0800347c   0x0800347c   0x00000072   Code   RO         1537    i.HAL_UART_Init     stm32f1xx_hal_uart.o
    0x080034ee   0x080034ee   0x00000002   PAD
    0x080034f0   0x080034f0   0x00000164   Code   RO          780    i.HAL_UART_MspInit  usart.o
    0x08003654   0x08003654   0x00000070   Code   RO         1542    i.HAL_UART_Receive_IT  stm32f1xx_hal_uart.o
    0x080036c4   0x080036c4   0x000000e0   Code   RO          781    i.HAL_UART_RxCpltCallback  usart.o
    0x080037a4   0x080037a4   0x00000002   Code   RO         1548    i.HAL_UART_TxCpltCallback  stm32f1xx_hal_uart.o
    0x080037a6   0x080037a6   0x00000070   Code   RO         3814    i.HTTP_Principal    onenet.o
    0x08003816   0x08003816   0x00000004   Code   RO          251    i.HardFault_Handler  stm32f1xx_it.o
    0x0800381a   0x0800381a   0x00000002   PAD
    0x0800381c   0x0800381c   0x00000040   Code   RO         3159    i.KEY_Init          key.o
    0x0800385c   0x0800385c   0x00000034   Code   RO         3160    i.KEY_Scan          key.o
    0x08003890   0x08003890   0x0000004c   Code   RO         3123    i.LED_Init          led.o
    0x080038dc   0x080038dc   0x00000028   Code   RO         3124    i.LED_Overturn      led.o
    0x08003904   0x08003904   0x0000018c   Code   RO         3815    i.MQTT_Attribute_Reporting  onenet.o
    0x08003a90   0x08003a90   0x0000013c   Code   RO         3816    i.MQTT_Common_Subscribe  onenet.o
    0x08003bcc   0x08003bcc   0x0000001c   Code   RO         3548    i.MQTT_DeleteBuffer  mqttkit.o
    0x08003be8   0x08003be8   0x0000002e   Code   RO         3549    i.MQTT_DumpLength   mqttkit.o
    0x08003c16   0x08003c16   0x00000058   Code   RO         3550    i.MQTT_NewBuffer    mqttkit.o
    0x08003c6e   0x08003c6e   0x00000002   PAD
    0x08003c70   0x08003c70   0x000002a0   Code   RO         3552    i.MQTT_PacketConnect  mqttkit.o
    0x08003f10   0x08003f10   0x000001b8   Code   RO         3555    i.MQTT_PacketPublish  mqttkit.o
    0x080040c8   0x080040c8   0x00000064   Code   RO         3561    i.MQTT_PacketSaveData  mqttkit.o
    0x0800412c   0x0800412c   0x000000fe   Code   RO         3562    i.MQTT_PacketSubscribe  mqttkit.o
    0x0800422a   0x0800422a   0x00000046   Code   RO         3564    i.MQTT_ReadLength   mqttkit.o
    0x08004270   0x08004270   0x000001a8   Code   RO         3817    i.MQTT_Request_Response  onenet.o
    0x08004418   0x08004418   0x00000048   Code   RO         3818    i.MQTT_SET_Execute  onenet.o
    0x08004460   0x08004460   0x000001b8   Code   RO         3819    i.MQTT_SET_Response  onenet.o
    0x08004618   0x08004618   0x0000001e   Code   RO         3566    i.MQTT_UnPacketConnectAck  mqttkit.o
    0x08004636   0x08004636   0x00000002   PAD
    0x08004638   0x08004638   0x000001c0   Code   RO         3567    i.MQTT_UnPacketPublish  mqttkit.o
    0x080047f8   0x080047f8   0x0000001e   Code   RO         3568    i.MQTT_UnPacketPublishAck  mqttkit.o
    0x08004816   0x08004816   0x00000002   PAD
    0x08004818   0x08004818   0x00000074   Code   RO         3572    i.MQTT_UnPacketRecv  mqttkit.o
    0x0800488c   0x0800488c   0x00000034   Code   RO         3573    i.MQTT_UnPacketSubscribe  mqttkit.o
    0x080048c0   0x080048c0   0x00000004   Code   RO          252    i.MemManage_Handler  stm32f1xx_it.o
    0x080048c4   0x080048c4   0x00000002   Code   RO          253    i.NMI_Handler       stm32f1xx_it.o
    0x080048c6   0x080048c6   0x00000002   PAD
    0x080048c8   0x080048c8   0x00000118   Code   RO         3820    i.OTA_UrlEncode     onenet.o
    0x080049e0   0x080049e0   0x0000019c   Code   RO         3821    i.OneNET_Authorization  onenet.o
    0x08004b7c   0x08004b7c   0x00000084   Code   RO         3824    i.OneNET_Subscribe  onenet.o
    0x08004c00   0x08004c00   0x00000148   Code   RO         3825    i.OneNet_AR_FillBuf  onenet.o
    0x08004d48   0x08004d48   0x00000108   Code   RO         3826    i.OneNet_Data_Analysis  onenet.o
    0x08004e50   0x08004e50   0x000002a8   Code   RO         3827    i.OneNet_DevLink    onenet.o
    0x080050f8   0x080050f8   0x00000178   Code   RO         3828    i.OneNet_RR_FillBuf  onenet.o
    0x08005270   0x08005270   0x00000284   Code   RO         3829    i.OneNet_RevPro     onenet.o
    0x080054f4   0x080054f4   0x00000094   Code   RO         3830    i.OneNet_SR_FillBuf  onenet.o
    0x08005588   0x08005588   0x00000204   Code   RO         3831    i.OneNet_Unify      onenet.o
    0x0800578c   0x0800578c   0x00000002   Code   RO          254    i.PendSV_Handler    stm32f1xx_it.o
    0x0800578e   0x0800578e   0x00000002   PAD
    0x08005790   0x08005790   0x00000028   Code   RO         1383    i.RCC_Delay         stm32f1xx_hal_rcc.o
    0x080057b8   0x080057b8   0x00000002   Code   RO          255    i.SVC_Handler       stm32f1xx_it.o
    0x080057ba   0x080057ba   0x00000008   Code   RO          256    i.SysTick_Handler   stm32f1xx_it.o
    0x080057c2   0x080057c2   0x00000002   Code   RO          496    i.SystemInit        system_stm32f1xx.o
    0x080057c4   0x080057c4   0x0000001c   Code   RO         3290    i.TCP_Wait          btim.o
    0x080057e0   0x080057e0   0x00000010   Code   RO         3291    i.TIM6_IRQHandler   btim.o
    0x080057f0   0x080057f0   0x0000009c   Code   RO         2234    i.TIM_Base_SetConfig  stm32f1xx_hal_tim.o
    0x0800588c   0x0800588c   0x00000048   Code   RO         3832    i.TIM_Tool_Init     onenet.o
    0x080058d4   0x080058d4   0x00000014   Code   RO         1550    i.UART_DMAAbortOnError  stm32f1xx_hal_uart.o
    0x080058e8   0x080058e8   0x00000020   Code   RO         1560    i.UART_EndRxTransfer  stm32f1xx_hal_uart.o
    0x08005908   0x08005908   0x00000020   Code   RO         1561    i.UART_EndTransmit_IT  stm32f1xx_hal_uart.o
    0x08005928   0x08005928   0x000000a0   Code   RO         1563    i.UART_Receive_IT   stm32f1xx_hal_uart.o
    0x080059c8   0x080059c8   0x000000fc   Code   RO         1564    i.UART_SetConfig    stm32f1xx_hal_uart.o
    0x08005ac4   0x08005ac4   0x00000060   Code   RO         1565    i.UART_Transmit_IT  stm32f1xx_hal_uart.o
    0x08005b24   0x08005b24   0x00000010   Code   RO          782    i.USART1_IRQHandler  usart.o
    0x08005b34   0x08005b34   0x00000010   Code   RO          783    i.USART3_IRQHandler  usart.o
    0x08005b44   0x08005b44   0x00000004   Code   RO          257    i.UsageFault_Handler  stm32f1xx_it.o
    0x08005b48   0x08005b48   0x00000022   Code   RO          784    i.Usart_SendString  usart.o
    0x08005b6a   0x08005b6a   0x00000028   Code   RO         4678    i.__ARM_fpclassify  m_ws.l(fpclassify.o)
    0x08005b92   0x08005b92   0x00000002   PAD
    0x08005b94   0x08005b94   0x00000010   Code   RO         1065    i.__NVIC_GetPriorityGrouping  stm32f1xx_hal_cortex.o
    0x08005ba4   0x08005ba4   0x00000028   Code   RO         1066    i.__NVIC_SetPriority  stm32f1xx_hal_cortex.o
    0x08005bcc   0x08005bcc   0x000000aa   Code   RO         4680    i.__kernel_poly     m_ws.l(poly.o)
    0x08005c76   0x08005c76   0x00000002   PAD
    0x08005c78   0x08005c78   0x00000010   Code   RO         4664    i.__mathlib_dbl_divzero  m_ws.l(dunder.o)
    0x08005c88   0x08005c88   0x00000004   Code   RO         4666    i.__mathlib_dbl_infnan2  m_ws.l(dunder.o)
    0x08005c8c   0x08005c8c   0x0000000c   Code   RO         4667    i.__mathlib_dbl_invalid  m_ws.l(dunder.o)
    0x08005c98   0x08005c98   0x0000000e   Code   RO         4668    i.__mathlib_dbl_overflow  m_ws.l(dunder.o)
    0x08005ca6   0x08005ca6   0x00000002   PAD
    0x08005ca8   0x08005ca8   0x00000010   Code   RO         4670    i.__mathlib_dbl_underflow  m_ws.l(dunder.o)
    0x08005cb8   0x08005cb8   0x0000000e   Code   RO         4453    i._is_digit         c_w.l(__printf_wp.o)
    0x08005cc6   0x08005cc6   0x00000004   Code   RO          786    i._sys_exit         usart.o
    0x08005cca   0x08005cca   0x00000004   Code   RO          787    i._ttywrch          usart.o
    0x08005cce   0x08005cce   0x00000002   PAD
    0x08005cd0   0x08005cd0   0x0000002c   Code   RO         3292    i.btim_timx_int_init  btim.o
    0x08005cfc   0x08005cfc   0x0000002a   Code   RO         3972    i.cJSON_AddItemToArray  cjson.o
    0x08005d26   0x08005d26   0x00000002   PAD
    0x08005d28   0x08005d28   0x00000030   Code   RO         3973    i.cJSON_AddItemToObject  cjson.o
    0x08005d58   0x08005d58   0x00000012   Code   RO         3978    i.cJSON_CreateFalse  cjson.o
    0x08005d6a   0x08005d6a   0x00000024   Code   RO         3982    i.cJSON_CreateNumber  cjson.o
    0x08005d8e   0x08005d8e   0x00000012   Code   RO         3983    i.cJSON_CreateObject  cjson.o
    0x08005da0   0x08005da0   0x0000001c   Code   RO         3984    i.cJSON_CreateString  cjson.o
    0x08005dbc   0x08005dbc   0x00000012   Code   RO         3986    i.cJSON_CreateTrue  cjson.o
    0x08005dce   0x08005dce   0x00000002   PAD
    0x08005dd0   0x08005dd0   0x00000058   Code   RO         3987    i.cJSON_Delete      cjson.o
    0x08005e28   0x08005e28   0x00000012   Code   RO         3993    i.cJSON_GetArrayItem  cjson.o
    0x08005e3a   0x08005e3a   0x00000012   Code   RO         3994    i.cJSON_GetArraySize  cjson.o
    0x08005e4c   0x08005e4c   0x0000001e   Code   RO         3996    i.cJSON_GetObjectItem  cjson.o
    0x08005e6a   0x08005e6a   0x00000002   PAD
    0x08005e6c   0x08005e6c   0x00000020   Code   RO         4000    i.cJSON_New_Item    cjson.o
    0x08005e8c   0x08005e8c   0x00000010   Code   RO         4001    i.cJSON_Parse       cjson.o
    0x08005e9c   0x08005e9c   0x00000064   Code   RO         4002    i.cJSON_ParseWithOpts  cjson.o
    0x08005f00   0x08005f00   0x00000012   Code   RO         4003    i.cJSON_Print       cjson.o
    0x08005f12   0x08005f12   0x00000012   Code   RO         4005    i.cJSON_PrintUnformatted  cjson.o
    0x08005f24   0x08005f24   0x0000004c   Code   RO         4008    i.cJSON_strcasecmp  cjson.o
    0x08005f70   0x08005f70   0x0000002c   Code   RO         4009    i.cJSON_strdup      cjson.o
    0x08005f9c   0x08005f9c   0x0000000c   Code   RO          734    i.delay_init        delay.o
    0x08005fa8   0x08005fa8   0x00000012   Code   RO          735    i.delay_ms          delay.o
    0x08005fba   0x08005fba   0x00000002   PAD
    0x08005fbc   0x08005fbc   0x00000048   Code   RO          736    i.delay_us          delay.o
    0x08006004   0x08006004   0x00000058   Code   RO         3228    i.dht11_check       dht11.o
    0x0800605c   0x0800605c   0x00000050   Code   RO         3229    i.dht11_init        dht11.o
    0x080060ac   0x080060ac   0x0000005c   Code   RO         3230    i.dht11_read_bit    dht11.o
    0x08006108   0x08006108   0x0000001e   Code   RO         3231    i.dht11_read_byte   dht11.o
    0x08006126   0x08006126   0x0000005c   Code   RO         3232    i.dht11_read_data   dht11.o
    0x08006182   0x08006182   0x00000002   PAD
    0x08006184   0x08006184   0x00000034   Code   RO         3233    i.dht11_reset       dht11.o
    0x080061b8   0x080061b8   0x00000070   Code   RO         4011    i.ensure            cjson.o
    0x08006228   0x08006228   0x000000dc   Code   RO         4534    i.floor             m_ws.l(floor.o)
    0x08006304   0x08006304   0x0000001c   Code   RO          788    i.fputc             usart.o
    0x08006320   0x08006320   0x0000004c   Code   RO         3755    i.ft                hmac_sha1.o
    0x0800636c   0x0800636c   0x0000014a   Code   RO         3756    i.hmac_sha1         hmac_sha1.o
    0x080064b6   0x080064b6   0x00000002   PAD
    0x080064b8   0x080064b8   0x00000010   Code   RO         3192    i.iwdg_feed         wdg.o
    0x080064c8   0x080064c8   0x00000020   Code   RO         3193    i.iwdg_init         wdg.o
    0x080064e8   0x080064e8   0x00000034   Code   RO         3757    i.k                 hmac_sha1.o
    0x0800651c   0x0800651c   0x0000043c   Code   RO           13    i.main              main.o
    0x08006958   0x08006958   0x000000ac   Code   RO         4012    i.parse_array       cjson.o
    0x08006a04   0x08006a04   0x00000114   Code   RO         4013    i.parse_hex4        cjson.o
    0x08006b18   0x08006b18   0x000001bc   Code   RO         4014    i.parse_number      cjson.o
    0x08006cd4   0x08006cd4   0x00000114   Code   RO         4015    i.parse_object      cjson.o
    0x08006de8   0x08006de8   0x000001cc   Code   RO         4016    i.parse_string      cjson.o
    0x08006fb4   0x08006fb4   0x000000bc   Code   RO         4017    i.parse_value       cjson.o
    0x08007070   0x08007070   0x000009d8   Code   RO         4538    i.pow               m_ws.l(pow.o)
    0x08007a48   0x08007a48   0x0000001c   Code   RO         4018    i.pow2gt            cjson.o
    0x08007a64   0x08007a64   0x00000250   Code   RO         4019    i.print_array       cjson.o
    0x08007cb4   0x08007cb4   0x00000198   Code   RO         4020    i.print_number      cjson.o
    0x08007e4c   0x08007e4c   0x00000418   Code   RO         4021    i.print_object      cjson.o
    0x08008264   0x08008264   0x00000010   Code   RO         4022    i.print_string      cjson.o
    0x08008274   0x08008274   0x000001d4   Code   RO         4023    i.print_string_ptr  cjson.o
    0x08008448   0x08008448   0x00000130   Code   RO         4024    i.print_value       cjson.o
    0x08008578   0x08008578   0x0000002e   Code   RO         3758    i.rotl              hmac_sha1.o
    0x080085a6   0x080085a6   0x00000002   PAD
    0x080085a8   0x080085a8   0x00000284   Code   RO         3760    i.sha1              hmac_sha1.o
    0x0800882c   0x0800882c   0x00000012   Code   RO         4025    i.skip              cjson.o
    0x0800883e   0x0800883e   0x0000004c   Code   RO         4684    i.sqrt              m_ws.l(sqrt.o)
    0x0800888a   0x0800888a   0x00000006   Code   RO         4026    i.suffix_object     cjson.o
    0x08008890   0x08008890   0x00000066   Code   RO          666    i.sys_stm32_clock_init  sys.o
    0x080088f6   0x080088f6   0x00000020   Code   RO         4027    i.update            cjson.o
    0x08008916   0x08008916   0x00000002   PAD
    0x08008918   0x08008918   0x00000038   Code   RO          789    i.usart3_init       usart.o
    0x08008950   0x08008950   0x00000038   Code   RO          790    i.usart_init        usart.o
    0x08008988   0x08008988   0x0000002c   Code   RO         4767    locale$$code        c_w.l(lc_ctype_c.o)
    0x080089b4   0x080089b4   0x0000002c   Code   RO         4770    locale$$code        c_w.l(lc_numeric_c.o)
    0x080089e0   0x080089e0   0x00000150   Code   RO         4505    x$fpl$dadd          fz_ws.l(daddsub_clz.o)
    0x08008b30   0x08008b30   0x00000010   Code   RO         4781    x$fpl$dcheck1       fz_ws.l(dcheck1.o)
    0x08008b40   0x08008b40   0x00000018   Code   RO         4649    x$fpl$dcmpinf       fz_ws.l(dcmpi.o)
    0x08008b58   0x08008b58   0x000002b0   Code   RO         4652    x$fpl$ddiv          fz_ws.l(ddiv.o)
    0x08008e08   0x08008e08   0x00000078   Code   RO         4511    x$fpl$deqf          fz_ws.l(deqf.o)
    0x08008e80   0x08008e80   0x0000005e   Code   RO         4513    x$fpl$dfix          fz_ws.l(dfix.o)
    0x08008ede   0x08008ede   0x0000002e   Code   RO         4518    x$fpl$dflt          fz_ws.l(dflt_clz.o)
    0x08008f0c   0x08008f0c   0x00000026   Code   RO         4517    x$fpl$dfltu         fz_ws.l(dflt_clz.o)
    0x08008f32   0x08008f32   0x00000002   PAD
    0x08008f34   0x08008f34   0x00000078   Code   RO         4523    x$fpl$dleqf         fz_ws.l(dleqf.o)
    0x08008fac   0x08008fac   0x00000154   Code   RO         4525    x$fpl$dmul          fz_ws.l(dmul.o)
    0x08009100   0x08009100   0x0000009c   Code   RO         4655    x$fpl$dnaninf       fz_ws.l(dnaninf.o)
    0x0800919c   0x0800919c   0x0000000c   Code   RO         4657    x$fpl$dretinf       fz_ws.l(dretinf.o)
    0x080091a8   0x080091a8   0x0000006c   Code   RO         4527    x$fpl$drleqf        fz_ws.l(drleqf.o)
    0x08009214   0x08009214   0x00000016   Code   RO         4506    x$fpl$drsb          fz_ws.l(daddsub_clz.o)
    0x0800922a   0x0800922a   0x00000002   PAD
    0x0800922c   0x0800922c   0x000001cc   Code   RO         4783    x$fpl$dsqrt         fz_ws.l(dsqrt_noumaal.o)
    0x080093f8   0x080093f8   0x000001d4   Code   RO         4507    x$fpl$dsub          fz_ws.l(daddsub_clz.o)
    0x080095cc   0x080095cc   0x00000004   Code   RO         4531    x$fpl$printf1       fz_ws.l(printf1.o)
    0x080095d0   0x080095d0   0x00000064   Code   RO         4811    x$fpl$retnan        fz_ws.l(retnan.o)
    0x08009634   0x08009634   0x0000005c   Code   RO         4661    x$fpl$scalbn        fz_ws.l(scalbn.o)
    0x08009690   0x08009690   0x00000030   Code   RO         4839    x$fpl$trapveneer    fz_ws.l(trapv.o)
    0x080096c0   0x080096c0   0x00000000   Code   RO         4663    x$fpl$usenofp       fz_ws.l(usenofp.o)
    0x080096c0   0x080096c0   0x00000018   Data   RO          497    .constdata          system_stm32f1xx.o
    0x080096d8   0x080096d8   0x000000c0   Data   RO         3734    .constdata          base64.o
    0x08009798   0x08009798   0x00000007   Data   RO         4028    .constdata          cjson.o
    0x0800979f   0x0800979f   0x00000028   Data   RO         4435    .constdata          c_w.l(_printf_hex_int_ptr.o)
    0x080097c7   0x080097c7   0x00000011   Data   RO         4461    .constdata          c_w.l(__printf_flags_ss_wp.o)
    0x080097d8   0x080097d8   0x00000088   Data   RO         4539    .constdata          m_ws.l(pow.o)
    0x08009860   0x08009860   0x00000008   Data   RO         4682    .constdata          m_ws.l(qnan.o)
    0x08009868   0x08009868   0x00000094   Data   RO         4738    .constdata          c_w.l(bigflt0.o)
    0x080098fc   0x080098fc   0x000000ab   Data   RO         3834    .conststring        onenet.o
    0x080099a7   0x080099a7   0x00000001   PAD
    0x080099a8   0x080099a8   0x00000020   Data   RO         4869    Region$$Table       anon$$obj.o
    0x080099c8   0x080099c8   0x00000110   Data   RO         4766    locale$$data        c_w.l(lc_ctype_c.o)
    0x08009ad8   0x08009ad8   0x0000001c   Data   RO         4769    locale$$data        c_w.l(lc_numeric_c.o)


    Execution Region RW_IRAM1 (Exec base: 0x20000000, Load base: 0x08009af4, Size: 0x00004a58, Max: 0x00010000, ABSOLUTE)

    Exec Addr    Load Addr    Size         Type   Attr      Idx    E Section Name        Object

    0x20000000   0x08009af4   0x00000004   Data   RW          498    .data               system_stm32f1xx.o
    0x20000004   0x08009af8   0x00000004   Data   RW          737    .data               delay.o
    0x20000008   0x08009afc   0x00000007   Data   RW          792    .data               usart.o
    0x2000000f   0x08009b03   0x00000001   PAD
    0x20000010   0x08009b04   0x00000009   Data   RW          901    .data               stm32f1xx_hal.o
    0x20000019   0x08009b0d   0x00000001   Data   RW         3125    .data               led.o
    0x2000001a   0x08009b0e   0x00000002   PAD
    0x2000001c   0x08009b10   0x00000025   Data   RW         3294    .data               btim.o
    0x20000041   0x08009b35   0x00000001   PAD
    0x20000042   0x08009b36   0x00000004   Data   RW         3362    .data               esp8266.o
    0x20000046   0x08009b3a   0x00000002   PAD
    0x20000048   0x08009b3c   0x00000008   Data   RW         3835    .data               onenet.o
    0x20000050   0x08009b44   0x0000000c   Data   RW         4029    .data               cjson.o
    0x2000005c        -       0x00000148   Zero   RW          791    .bss                usart.o
    0x200001a4        -       0x0000000c   Zero   RW         3194    .bss                wdg.o
    0x200001b0        -       0x00000048   Zero   RW         3293    .bss                btim.o
    0x200001f8        -       0x00000800   Zero   RW         3361    .bss                esp8266.o
    0x200009f8        -       0x00000060   Zero   RW         4692    .bss                c_w.l(libspace.o)
    0x20000a58        -       0x00001800   Zero   RW            2    HEAP                startup_stm32f103xe.o
    0x20002258        -       0x00002800   Zero   RW            1    STACK               startup_stm32f103xe.o


==============================================================================

Image component sizes


      Code (inc. data)   RO Data    RW Data    ZI Data      Debug   Object Name

       688          8        192          0          0       3368   base64.o
       276         64          0         37         72       4476   btim.o
      5514        256          7         12          0      31535   cjson.o
       102         10          0          4          0       2035   delay.o
       434         24          0          0          0       4214   dht11.o
       852        324          0          4       2048       8151   esp8266.o
      1148         30          0          0          0       4791   hmac_sha1.o
       116         14          0          0          0       1534   key.o
       116         18          0          1          0       1728   led.o
      1084        524          0          0          0       5871   main.o
      2374         58          0          0          0      15144   mqttkit.o
      5724       2334        171          8          0      20380   onenet.o
        64         26        304          0      16384        964   startup_stm32f103xe.o
       154         32          0          9          0       6771   stm32f1xx_hal.o
       304         22          0          0          0      29787   stm32f1xx_hal_cortex.o
       424         10          0          0          0       1335   stm32f1xx_hal_dma.o
       880         40          0          0          0       4212   stm32f1xx_hal_gpio.o
        94          0          0          0          0       1891   stm32f1xx_hal_iwdg.o
      1784        110          0          0          0       6432   stm32f1xx_hal_rcc.o
       816         44          0          0          0       6079   stm32f1xx_hal_tim.o
         4          0          0          0          0       1673   stm32f1xx_hal_tim_ex.o
      1162         10          0          0          0       8327   stm32f1xx_hal_uart.o
        32          0          0          0          0       4326   stm32f1xx_it.o
       102          0          0          0          0        759   sys.o
         2          0         24          4          0     483331   system_stm32f1xx.o
       794         96          0          7        328       8577   usart.o
        48         14          0          0         12       1372   wdg.o

    ----------------------------------------------------------------------
     25132       4068        731         92      18844     669063   Object Totals
         0          0         32          0          0          0   (incl. Generated)
        40          0          1          6          0          0   (incl. Padding)

    ----------------------------------------------------------------------

      Code (inc. data)   RO Data    RW Data    ZI Data      Debug   Library Member Name

         8          0          0          0          0         68   __main.o
       392          4         17          0          0         92   __printf_flags_ss_wp.o
        14          0          0          0          0         68   __printf_wp.o
         0          0          0          0          0          0   __rtentry.o
        12          0          0          0          0          0   __rtentry2.o
         6          0          0          0          0          0   __rtentry4.o
        52          8          0          0          0          0   __scatter.o
        26          0          0          0          0          0   __scatter_copy.o
        28          0          0          0          0          0   __scatter_zi.o
        44          0          0          0          0        108   _printf_char.o
        48          6          0          0          0         96   _printf_char_common.o
        36          4          0          0          0         80   _printf_char_file.o
        40          0          0          0          0         68   _printf_charcount.o
         6          0          0          0          0          0   _printf_d.o
       120         16          0          0          0         92   _printf_dec.o
         6          0          0          0          0          0   _printf_e.o
         6          0          0          0          0          0   _printf_f.o
      1054          0          0          0          0        216   _printf_fp_dec.o
       128         16          0          0          0         84   _printf_fp_infnan.o
       124          4         40          0          0        144   _printf_hex_int_ptr.o
       178          0          0          0          0         88   _printf_intcommon.o
         6          0          0          0          0          0   _printf_n.o
         6          0          0          0          0          0   _printf_p.o
        78          0          0          0          0        108   _printf_pad.o
         0          0          0          0          0          0   _printf_percent.o
         4          0          0          0          0          0   _printf_percent_end.o
         6          0          0          0          0          0   _printf_s.o
        82          0          0          0          0         80   _printf_str.o
         6          0          0          0          0          0   _printf_x.o
        22          0          0          0          0        100   _rserrno.o
        16          0          0          0          0         68   _snputc.o
        10          0          0          0          0         68   _sputc.o
       228          4        148          0          0         96   bigflt0.o
      1936        128          0          0          0        672   btod.o
        10          0          0          0          0         68   defsig_exit.o
        50          0          0          0          0         88   defsig_general.o
        80         58          0          0          0         76   defsig_rtmem_inner.o
        14          0          0          0          0         80   defsig_rtmem_outer.o
        18          0          0          0          0         80   exit.o
         8          0          0          0          0         68   ferror.o
        94          0          0          0          0         80   h1_alloc.o
        52          0          0          0          0         68   h1_extend.o
        78          0          0          0          0         80   h1_free.o
        14          0          0          0          0         84   h1_init.o
         6          0          0          0          0        152   heapauxi.o
         4          0          0          0          0        136   hguard.o
       138          0          0          0          0        168   init_alloc.o
        44         10        272          0          0         76   lc_ctype_c.o
        44         10         28          0          0         76   lc_numeric_c.o
         2          0          0          0          0          0   libinit.o
        38          0          0          0          0          0   libinit2.o
         2          0          0          0          0          0   libshutdown.o
         2          0          0          0          0          0   libshutdown2.o
         8          4          0          0         96         68   libspace.o
       138          0          0          0          0         80   lludiv10.o
         0          0          0          0          0          0   maybetermalloc1.o
        24          4          0          0          0         84   noretval__2printf.o
        52          4          0          0          0         84   noretval__2snprintf.o
        40          6          0          0          0         84   noretval__2sprintf.o
        16          4          0          0          0         76   rt_ctype_table.o
         8          4          0          0          0         68   rt_errno_addr_intlibspace.o
         8          4          0          0          0         68   rt_heap_descriptor_intlibspace.o
         8          4          0          0          0         68   rt_locale_intlibspace.o
        68          0          0          0          0         68   rt_memclr.o
        78          0          0          0          0         80   rt_memclr_w.o
       138          0          0          0          0         68   rt_memcpy_v6.o
       100          0          0          0          0         80   rt_memcpy_w.o
         2          0          0          0          0          0   rtexit.o
        10          0          0          0          0          0   rtexit2.o
        24          0          0          0          0         68   strcat.o
        20          0          0          0          0         68   strchr.o
       128          0          0          0          0         68   strcmpv7m.o
        72          0          0          0          0         80   strcpy.o
        62          0          0          0          0         76   strlen.o
        36          0          0          0          0         76   strncat.o
       150          0          0          0          0         80   strncmp.o
        36          0          0          0          0         80   strstr.o
        74          0          0          0          0         80   sys_stackheap_outer.o
        26          0          0          0          0         76   tolower.o
         2          0          0          0          0         68   use_no_semi.o
         2          0          0          0          0         68   use_no_semi_2.o
       826         16          0          0          0        348   daddsub_clz.o
        16          4          0          0          0         68   dcheck1.o
        24          0          0          0          0         68   dcmpi.o
       688        140          0          0          0        208   ddiv.o
       120          4          0          0          0         92   deqf.o
        94          4          0          0          0         92   dfix.o
        84          0          0          0          0        136   dflt_clz.o
       120          4          0          0          0         92   dleqf.o
       340         12          0          0          0        104   dmul.o
       156          4          0          0          0         92   dnaninf.o
        12          0          0          0          0         68   dretinf.o
       108          0          0          0          0         80   drleqf.o
       460         56          0          0          0        120   dsqrt_noumaal.o
         4          0          0          0          0         68   printf1.o
       100          0          0          0          0         68   retnan.o
        92          0          0          0          0         68   scalbn.o
        48          0          0          0          0         68   trapv.o
         0          0          0          0          0          0   usenofp.o
        62         10          0          0          0        340   dunder.o
       220         16          0          0          0         84   floor.o
        40          0          0          0          0         68   fpclassify.o
       170          0          0          0          0         96   poly.o
      2520        190        136          0          0        324   pow.o
         0          0          8          0          0          0   qnan.o
        76          0          0          0          0         84   sqrt.o

    ----------------------------------------------------------------------
     13156        762        649          0         96       8476   Library Totals
        20          0          0          0          0          0   (incl. Padding)

    ----------------------------------------------------------------------

      Code (inc. data)   RO Data    RW Data    ZI Data      Debug   Library Name

      6756        302        505          0         96       5640   c_w.l
      3292        244          0          0          0       1840   fz_ws.l
      3088        216        144          0          0        996   m_ws.l

    ----------------------------------------------------------------------
     13156        762        649          0         96       8476   Library Totals

    ----------------------------------------------------------------------

==============================================================================


      Code (inc. data)   RO Data    RW Data    ZI Data      Debug   

     38288       4830       1380         92      18940     664171   Grand Totals
     38288       4830       1380         92      18940     664171   ELF Image Totals
     38288       4830       1380         92          0          0   ROM Totals

==============================================================================

    Total RO  Size (Code + RO Data)                39668 (  38.74kB)
    Total RW  Size (RW Data + ZI Data)             19032 (  18.59kB)
    Total ROM Size (Code + RO Data + RW Data)      39760 (  38.83kB)

==============================================================================

