<html>
<body>
<pre>
<h1>礦ision Build Log</h1>
<h2>Tool Versions:</h2>
IDE-Version: μVision V5.24.2.0
Copyright (C) 2017 ARM Ltd and ARM Germany GmbH. All rights reserved.
License Information: a px, a, LIC=TIVNB-2G7Z8-NNKAF-67R40-6JJC2-8E6L7
 
Tool Versions:
Toolchain:       MDK-ARM Plus  Version: 5.24.1
Toolchain Path:  D:\Keil5\ARM\ARMCC\Bin
C Compiler:      Armcc.exe V5.06 update 5 (build 528)
Assembler:       Armasm.exe V5.06 update 5 (build 528)
Linker/Locator:  ArmLink.exe V5.06 update 5 (build 528)
Library Manager: ArmAr.exe V5.06 update 5 (build 528)
Hex Converter:   FromElf.exe V5.06 update 5 (build 528)
CPU DLL:         SARMCM3.DLL V5.24.1
Dialog DLL:      DCM.DLL V1.16.0.0
Target DLL:      CMSIS_AGDI.dll V1.28.3.0
Dialog DLL:      TCM.DLL V1.32.0.0
 
<h2>Project:</h2>
D:\Git_project\px_first\OntNet\Projects\MDK-ARM\atk_f103.uvprojx
Project File Date:  02/13/2025

<h2>Output:</h2>
*** Using Compiler 'V5.06 update 5 (build 528)', folder: 'D:\Keil5\ARM\ARMCC\Bin'
Build target 'Template'
compiling main.c...
..\..\Users\main.c(144): warning:  #513-D: a value of type "unsigned char *" cannot be assigned to an entity of type "char *"
  		dataPtr = ESP8266_GetIPD(0);			/* 获取平台响应 */
..\..\Users\main.c(147): warning:  #167-D: argument of type "char *" is incompatible with parameter of type "unsigned char *"
  			OneNet_RevPro(dataPtr);				/* 解析响应 */
..\..\Users\main.c(37): warning:  #177-D: variable "len"  was declared but never referenced
  	int len;
..\..\Users\main.c: 3 warnings, 0 errors
compiling esp8266.c...
..\..\Drivers\EXPAND\OneNet\device\src\esp8266.c(89): warning:  #69-D: integer conversion resulted in truncation
  	unsigned char timeOut = 400;
..\..\Drivers\EXPAND\OneNet\device\src\esp8266.c: 1 warning, 0 errors
compiling onenet.c...
..\..\Drivers\EXPAND\OneNet\onenet\src\onenet.c(549): warning:  #177-D: variable "dataPtr"  was declared but never referenced
  	char *dataPtr = NULL;
..\..\Drivers\EXPAND\OneNet\onenet\src\onenet.c(550): warning:  #177-D: variable "numBuf"  was declared but never referenced
  	char numBuf[10];
..\..\Drivers\EXPAND\OneNet\onenet\src\onenet.c(551): warning:  #177-D: variable "num"  was declared but never referenced
  	int num = 0;
..\..\Drivers\EXPAND\OneNet\onenet\src\onenet.c(689): warning:  #513-D: a value of type "unsigned char *" cannot be assigned to an entity of type "char *"
  		dataPtr = ESP8266_GetIPD(100);
..\..\Drivers\EXPAND\OneNet\onenet\src\onenet.c(691): warning:  #167-D: argument of type "char *" is incompatible with parameter of type "unsigned char *"
  	OneNet_RevPro(dataPtr);											/* 平台响应 */
..\..\Drivers\EXPAND\OneNet\onenet\src\onenet.c(697): warning:  #513-D: a value of type "unsigned char *" cannot be assigned to an entity of type "char *"
  		dataPtr = ESP8266_GetIPD(100);
..\..\Drivers\EXPAND\OneNet\onenet\src\onenet.c(699): warning:  #167-D: argument of type "char *" is incompatible with parameter of type "unsigned char *"
  	OneNet_RevPro(dataPtr);											/* 平台响应 */
..\..\Drivers\EXPAND\OneNet\onenet\src\onenet.c(705): warning:  #513-D: a value of type "unsigned char *" cannot be assigned to an entity of type "char *"
  		dataPtr = ESP8266_GetIPD(100);
..\..\Drivers\EXPAND\OneNet\onenet\src\onenet.c(707): warning:  #167-D: argument of type "char *" is incompatible with parameter of type "unsigned char *"
  	OneNet_RevPro(dataPtr);											/* 平台响应 */
..\..\Drivers\EXPAND\OneNet\onenet\src\onenet.c(822): warning:  #513-D: a value of type "unsigned char *" cannot be assigned to an entity of type "char *"
  	dataPtr = ESP8266_GetIPD(100);			/* 等待平台响应 */
..\..\Drivers\EXPAND\OneNet\onenet\src\onenet.c(825): warning:  #167-D: argument of type "char *" is incompatible with parameter of type "unsigned char *"
  		OneNet_RevPro(dataPtr);				/* 解析响应 */
..\..\Drivers\EXPAND\OneNet\onenet\src\onenet.c(917): warning:  #177-D: variable "i"  was declared but never referenced
  	short body_len = 0, i = 0;									/* 标志位 */
..\..\Drivers\EXPAND\OneNet\onenet\src\onenet.c(1022): warning:  #177-D: variable "i"  was declared but never referenced
  	short body_len = 0, i = 0;									/* 标志位 */
..\..\Drivers\EXPAND\OneNet\onenet\src\onenet.c(1178): warning:  #1166-D: returning pointer to local variable
  	return package;
..\..\Drivers\EXPAND\OneNet\onenet\src\onenet.c(1207): warning:  #167-D: argument of type "char *" is incompatible with parameter of type "unsigned char *"
  	ESP8266_SendData(package, len);
..\..\Drivers\EXPAND\OneNet\onenet\src\onenet.c(1210): warning:  #513-D: a value of type "unsigned char *" cannot be assigned to an entity of type "char *"
  	while(dataPtr == 
ULL)dataPtr = ESP8266_GetIPD(100);
..\..\Drivers\EXPAND\OneNet\onenet\src\onenet.c: 16 warnings, 0 errors
linking...
Program Size: Code=38288 RO-data=1380 RW-data=92 ZI-data=18940  
FromELF: creating hex file...
"..\..\Output\atk_f103.axf" - 0 Error(s), 20 Warning(s).

<h2>Software Packages used:</h2>

Package Vendor: Keil
                http://www.keil.com/pack/Keil.STM32F1xx_DFP.2.2.0.pack
                Keil.STM32F1xx_DFP.2.2.0
                STMicroelectronics STM32F1 Series Device Support, Drivers and Examples

<h2>Collection of Component include folders:</h2>
  .\RTE\_Template
  D:\Keil5\ARM\PACK\Keil\STM32F1xx_DFP\2.2.0\Device\Include

<h2>Collection of Component Files used:</h2>
Build Time Elapsed:  00:00:07
</pre>
</body>
</html>
